============================================================
TỔNG HỢP KẾT QUẢ CHO CONFIG: E:/palm/logs/Unet_Palmnet_own_iitd_tongji/logs/version_3\config_backup.yaml
Random State (Seed) được chọn: 42
Số lượng file log được gộp: 5
============================================================


================================================================================
--- RUN INFO: eval_mode0_baseline_real_20260711_205719 ---
================================================================================
2026-07-11 20:57:19,260 [INFO] [Eval] mode=0 | neg_strategy=real | device=cpu
2026-07-11 20:57:19,261 [INFO] Reading model config from E:/palm/logs/Unet_Palmnet_own_iitd_tongji/logs/version_3\config_backup.yaml
2026-07-11 20:57:20,498 [INFO] Loaded checkpoint: E:\palm\logs\Unet_Palmnet_own_iitd_tongji\logs\version_3\checkpoints\last.ckpt
2026-07-11 20:57:20,501 [INFO] Frozen 18 BatchNorm layer(s) into eval mode.
2026-07-11 20:57:20,525 [INFO] Output directory: E:/palm/logs/Unet_Palmnet_own_iitd_tongji/logs/version_3\eval\mode0_baseline_real
2026-07-11 20:57:20,526 [INFO] [Open-Set Mode] split_mode='person' — building 3 dataloaders
2026-07-11 20:57:20,962 [INFO] --- STEP 1: Extracting features (register / probe / stranger) ---
2026-07-11 20:58:14,682 [INFO] Saved feature cache (+ 40 ref images): E:/palm/logs/Unet_Palmnet_own_iitd_tongji/logs/version_3\eval\feats_register.pt
2026-07-11 20:59:12,765 [INFO] Saved feature cache (+ 40 ref images): E:/palm/logs/Unet_Palmnet_own_iitd_tongji/logs/version_3\eval\feats_probe.pt
2026-07-11 21:00:18,127 [INFO] Saved feature cache (+ 31 ref images): E:/palm/logs/Unet_Palmnet_own_iitd_tongji/logs/version_3\eval\feats_stranger.pt
2026-07-11 21:00:18,194 [INFO] Register : 962 samples, 40 identities
2026-07-11 21:00:18,195 [INFO] Probe    : 981 samples, 40 identities
2026-07-11 21:00:18,196 [INFO] Stranger : 1462 samples, 31 identities
2026-07-11 21:00:18,196 [INFO] --- STEP 2: Building gallery (from register split) ---
2026-07-11 21:00:18,197 [INFO] Building gallery: Mode=0, neg_strategy='real', 40 identities
2026-07-11 21:00:18,252 [INFO] Saved gallery cache: E:/palm/logs/Unet_Palmnet_own_iitd_tongji/logs/version_3\eval\mode0_baseline_real\gallery.pt
2026-07-11 21:00:18,253 [INFO] --- STEP 3a: Closed-set evaluation on known probe ---
2026-07-11 21:00:18,306 [INFO] ============================================================
2026-07-11 21:00:18,306 [INFO]   [Closed-Set — Known Probe Only]
2026-07-11 21:00:18,306 [INFO]   Rank-1 Accuracy : 78.90%
2026-07-11 21:00:18,307 [INFO]   EER             : 8.89%  (thresh=0.4127)
2026-07-11 21:00:18,307 [INFO]   Mean Genuine    : 0.7524
2026-07-11 21:00:18,308 [INFO]   Mean Impostor   : 0.1996
2026-07-11 21:00:18,308 [INFO]   Probe count     : 981
2026-07-11 21:00:18,309 [INFO] ============================================================
2026-07-11 21:00:18,309 [INFO] --- STEP 3b: Open-set evaluation with stranger ---
2026-07-11 21:00:19,263 [INFO] ============================================================
2026-07-11 21:00:19,264 [INFO]   [Open-Set — Known + Stranger (2-Stage Rejection)]
2026-07-11 21:00:19,264 [INFO]   Open-Set Rank-1 : 83.38%
2026-07-11 21:00:19,265 [INFO]   KL-Gate EER     : 10.96% (thresh=3.2411)
2026-07-11 21:00:19,265 [INFO]   Uncertainty EER : 44.57% (thresh=1.0000)
2026-07-11 21:00:19,266 [INFO]   Stage-1 FRR     : 44.34%   - known bi reject boi Uncertainty
2026-07-11 21:00:19,267 [INFO]   FAR (stranger)  : 30.57%   - stranger bi nhan nham (da qua 2 vong)
2026-07-11 21:00:19,267 [INFO]   FRR (known)     : 49.13%   - known bi reject sai (tong hop)
2026-07-11 21:00:19,267 [INFO]   EER (open-set)  : 23.50%  (thresh=0.4127)
2026-07-11 21:00:19,268 [INFO]   Mean Genuine    : 0.7456
2026-07-11 21:00:19,268 [INFO]   Mean Stranger   : 0.4481
2026-07-11 21:00:19,269 [INFO]   Known probe     : 981 | Stranger: 1462
2026-07-11 21:00:19,269 [INFO] ============================================================
2026-07-11 21:00:19,638 [INFO] Saved results: E:/palm/logs/Unet_Palmnet_own_iitd_tongji/logs/version_3\eval\mode0_baseline_real\results.json
2026-07-11 21:00:19,639 [INFO] --- STEP 4: Visualizing open-set score & uncertainty distribution ---
2026-07-11 21:00:21,030 [INFO] Saved open-set score distribution: E:/palm/logs/Unet_Palmnet_own_iitd_tongji/logs/version_3\eval\mode0_baseline_real\score_distribution_openset.png
2026-07-11 21:00:21,875 [INFO] Saved uncertainty distribution: E:/palm/logs/Unet_Palmnet_own_iitd_tongji/logs/version_3\eval\mode0_baseline_real\uncertainty_distribution_openset.png
2026-07-11 21:00:22,720 [INFO] Saved sigma distribution: E:/palm/logs/Unet_Palmnet_own_iitd_tongji/logs/version_3\eval\mode0_baseline_real\sigma_distribution_openset.png
2026-07-11 21:00:22,721 [INFO] --- STEP 5: t-SNE visualization ---
2026-07-11 21:00:22,726 [INFO] Running t-SNE (3405 points, perplexity=30)...
2026-07-11 21:00:54,759 [INFO] Saved t-SNE plot: E:/palm/logs/Unet_Palmnet_own_iitd_tongji/logs/version_3\eval\mode0_baseline_real\tsne_proj.png
2026-07-11 21:00:54,762 [INFO] Running t-SNE (3405 points, perplexity=30)...
2026-07-11 21:01:22,664 [INFO] Saved t-SNE plot: E:/palm/logs/Unet_Palmnet_own_iitd_tongji/logs/version_3\eval\mode0_baseline_real\tsne_mu.png
2026-07-11 21:01:22,665 [INFO] 
2026-07-11 21:01:22,666 [INFO] All outputs saved to: E:/palm/logs/Unet_Palmnet_own_iitd_tongji/logs/version_3\eval\mode0_baseline_real
2026-07-11 21:01:22,666 [INFO] Log file: tasks\eval_mode0_baseline_real_20260711_205719.log
2026-07-11 21:01:22,666 [INFO] Done.

================================================================================
--- RUN INFO: eval_mode1_opt_proj_real_20260711_210156 ---
================================================================================
2026-07-11 21:01:56,755 [INFO] [Eval] mode=1 | neg_strategy=real | device=cpu
2026-07-11 21:01:56,757 [INFO] Reading model config from E:/palm/logs/Unet_Palmnet_own_iitd_tongji/logs/version_3\config_backup.yaml
2026-07-11 21:01:57,955 [INFO] Loaded checkpoint: E:\palm\logs\Unet_Palmnet_own_iitd_tongji\logs\version_3\checkpoints\last.ckpt
2026-07-11 21:01:57,958 [INFO] Frozen 18 BatchNorm layer(s) into eval mode.
2026-07-11 21:01:57,980 [INFO] Output directory: E:/palm/logs/Unet_Palmnet_own_iitd_tongji/logs/version_3\eval\mode1_opt_proj_real
2026-07-11 21:01:57,980 [INFO] [Open-Set Mode] split_mode='person' — building 3 dataloaders
2026-07-11 21:01:58,530 [INFO] --- STEP 1: Extracting features (register / probe / stranger) ---
2026-07-11 21:03:16,774 [INFO] Saved feature cache (+ 40 ref images): E:/palm/logs/Unet_Palmnet_own_iitd_tongji/logs/version_3\eval\feats_register.pt
2026-07-11 21:04:25,001 [INFO] Saved feature cache (+ 40 ref images): E:/palm/logs/Unet_Palmnet_own_iitd_tongji/logs/version_3\eval\feats_probe.pt
2026-07-11 21:05:28,681 [INFO] Saved feature cache (+ 31 ref images): E:/palm/logs/Unet_Palmnet_own_iitd_tongji/logs/version_3\eval\feats_stranger.pt
2026-07-11 21:05:28,765 [INFO] Register : 962 samples, 40 identities
2026-07-11 21:05:28,766 [INFO] Probe    : 981 samples, 40 identities
2026-07-11 21:05:28,766 [INFO] Stranger : 1462 samples, 31 identities
2026-07-11 21:05:28,767 [INFO] --- STEP 2: Building gallery (from register split) ---
2026-07-11 21:05:28,768 [INFO] Building gallery: Mode=1, neg_strategy='real', 40 identities
2026-07-11 21:13:20,646 [INFO] Saved gallery cache: E:/palm/logs/Unet_Palmnet_own_iitd_tongji/logs/version_3\eval\mode1_opt_proj_real\gallery.pt
2026-07-11 21:13:20,647 [INFO] --- STEP 3a: Closed-set evaluation on known probe ---
2026-07-11 21:13:20,706 [INFO] ============================================================
2026-07-11 21:13:20,707 [INFO]   [Closed-Set — Known Probe Only]
2026-07-11 21:13:20,707 [INFO]   Rank-1 Accuracy : 81.24%
2026-07-11 21:13:20,708 [INFO]   EER             : 6.82%  (thresh=0.2747)
2026-07-11 21:13:20,708 [INFO]   Mean Genuine    : 0.3969
2026-07-11 21:13:20,709 [INFO]   Mean Impostor   : 0.1007
2026-07-11 21:13:20,709 [INFO]   Probe count     : 981
2026-07-11 21:13:20,710 [INFO] ============================================================
2026-07-11 21:13:20,710 [INFO] --- STEP 3b: Open-set evaluation with stranger ---
2026-07-11 21:13:21,847 [INFO] ============================================================
2026-07-11 21:13:21,851 [INFO]   [Open-Set — Known + Stranger (2-Stage Rejection)]
2026-07-11 21:13:21,854 [INFO]   Open-Set Rank-1 : 82.87%
2026-07-11 21:13:21,859 [INFO]   KL-Gate EER     : 10.96% (thresh=3.2411)
2026-07-11 21:13:21,865 [INFO]   Uncertainty EER : 44.57% (thresh=1.0000)
2026-07-11 21:13:21,867 [INFO]   Stage-1 FRR     : 44.34%   - known bi reject boi Uncertainty
2026-07-11 21:13:21,871 [INFO]   FAR (stranger)  : 28.80%   - stranger bi nhan nham (da qua 2 vong)
2026-07-11 21:13:21,875 [INFO]   FRR (known)     : 48.01%   - known bi reject sai (tong hop)
2026-07-11 21:13:21,877 [INFO]   EER (open-set)  : 31.50%  (thresh=0.2747)
2026-07-11 21:13:21,880 [INFO]   Mean Genuine    : 0.3921
2026-07-11 21:13:21,883 [INFO]   Mean Stranger   : 0.2721
2026-07-11 21:13:21,887 [INFO]   Known probe     : 981 | Stranger: 1462
2026-07-11 21:13:21,888 [INFO] ============================================================
2026-07-11 21:13:22,170 [INFO] Saved results: E:/palm/logs/Unet_Palmnet_own_iitd_tongji/logs/version_3\eval\mode1_opt_proj_real\results.json
2026-07-11 21:13:22,170 [INFO] --- STEP 4: Visualizing open-set score & uncertainty distribution ---
2026-07-11 21:13:24,143 [INFO] Saved open-set score distribution: E:/palm/logs/Unet_Palmnet_own_iitd_tongji/logs/version_3\eval\mode1_opt_proj_real\score_distribution_openset.png
2026-07-11 21:13:25,402 [INFO] Saved uncertainty distribution: E:/palm/logs/Unet_Palmnet_own_iitd_tongji/logs/version_3\eval\mode1_opt_proj_real\uncertainty_distribution_openset.png
2026-07-11 21:13:26,639 [INFO] Saved sigma distribution: E:/palm/logs/Unet_Palmnet_own_iitd_tongji/logs/version_3\eval\mode1_opt_proj_real\sigma_distribution_openset.png
2026-07-11 21:13:26,639 [INFO] --- STEP 5: t-SNE visualization ---
2026-07-11 21:13:26,643 [INFO] Running t-SNE (3405 points, perplexity=30)...
2026-07-11 21:13:57,421 [INFO] Saved t-SNE plot: E:/palm/logs/Unet_Palmnet_own_iitd_tongji/logs/version_3\eval\mode1_opt_proj_real\tsne_proj.png
2026-07-11 21:13:57,423 [INFO] Running t-SNE (3405 points, perplexity=30)...
2026-07-11 21:14:21,924 [INFO] Saved t-SNE plot: E:/palm/logs/Unet_Palmnet_own_iitd_tongji/logs/version_3\eval\mode1_opt_proj_real\tsne_mu.png
2026-07-11 21:14:21,925 [INFO] 
2026-07-11 21:14:21,929 [INFO] All outputs saved to: E:/palm/logs/Unet_Palmnet_own_iitd_tongji/logs/version_3\eval\mode1_opt_proj_real
2026-07-11 21:14:21,930 [INFO] Log file: tasks\eval_mode1_opt_proj_real_20260711_210156.log
2026-07-11 21:14:21,930 [INFO] Done.

================================================================================
--- RUN INFO: eval_mode2_opt_latent_real_20260711_211558 ---
================================================================================
2026-07-11 21:15:58,984 [INFO] [Eval] mode=2 | neg_strategy=real | device=cpu
2026-07-11 21:15:58,986 [INFO] Reading model config from E:/palm/logs/Unet_Palmnet_own_iitd_tongji/logs/version_3\config_backup.yaml
2026-07-11 21:16:00,358 [INFO] Loaded checkpoint: E:\palm\logs\Unet_Palmnet_own_iitd_tongji\logs\version_3\checkpoints\last.ckpt
2026-07-11 21:16:00,361 [INFO] Frozen 18 BatchNorm layer(s) into eval mode.
2026-07-11 21:16:00,385 [INFO] Output directory: E:/palm/logs/Unet_Palmnet_own_iitd_tongji/logs/version_3\eval\mode2_opt_latent_real
2026-07-11 21:16:00,387 [INFO] [Open-Set Mode] split_mode='person' — building 3 dataloaders
2026-07-11 21:16:01,152 [INFO] --- STEP 1: Extracting features (register / probe / stranger) ---
2026-07-11 21:17:05,258 [INFO] Saved feature cache (+ 40 ref images): E:/palm/logs/Unet_Palmnet_own_iitd_tongji/logs/version_3\eval\feats_register.pt
2026-07-11 21:18:07,005 [INFO] Saved feature cache (+ 40 ref images): E:/palm/logs/Unet_Palmnet_own_iitd_tongji/logs/version_3\eval\feats_probe.pt
2026-07-11 21:19:19,093 [INFO] Saved feature cache (+ 31 ref images): E:/palm/logs/Unet_Palmnet_own_iitd_tongji/logs/version_3\eval\feats_stranger.pt
2026-07-11 21:19:19,148 [INFO] Register : 962 samples, 40 identities
2026-07-11 21:19:19,149 [INFO] Probe    : 981 samples, 40 identities
2026-07-11 21:19:19,149 [INFO] Stranger : 1462 samples, 31 identities
2026-07-11 21:19:19,150 [INFO] --- STEP 2: Building gallery (from register split) ---
2026-07-11 21:19:19,150 [INFO] Building gallery: Mode=2, neg_strategy='real', 40 identities
2026-07-11 21:34:49,105 [INFO] Saved gallery cache: E:/palm/logs/Unet_Palmnet_own_iitd_tongji/logs/version_3\eval\mode2_opt_latent_real\gallery.pt
2026-07-11 21:34:49,108 [INFO] --- STEP 3a: Closed-set evaluation on known probe ---
2026-07-11 21:34:49,260 [INFO] ============================================================
2026-07-11 21:34:49,261 [INFO]   [Closed-Set — Known Probe Only]
2026-07-11 21:34:49,262 [INFO]   Rank-1 Accuracy : 76.96%
2026-07-11 21:34:49,262 [INFO]   EER             : 9.69%  (thresh=0.3173)
2026-07-11 21:34:49,263 [INFO]   Mean Genuine    : 0.4571
2026-07-11 21:34:49,263 [INFO]   Mean Impostor   : 0.1490
2026-07-11 21:34:49,264 [INFO]   Probe count     : 981
2026-07-11 21:34:49,265 [INFO] ============================================================
2026-07-11 21:34:49,266 [INFO] --- STEP 3b: Open-set evaluation with stranger ---
2026-07-11 21:34:50,667 [INFO] ============================================================
2026-07-11 21:34:50,668 [INFO]   [Open-Set — Known + Stranger (2-Stage Rejection)]
2026-07-11 21:34:50,668 [INFO]   Open-Set Rank-1 : 81.75%
2026-07-11 21:34:50,669 [INFO]   KL-Gate EER     : 10.96% (thresh=3.2411)
2026-07-11 21:34:50,670 [INFO]   Uncertainty EER : 44.57% (thresh=1.0000)
2026-07-11 21:34:50,671 [INFO]   Stage-1 FRR     : 44.34%   - known bi reject boi Uncertainty
2026-07-11 21:34:50,674 [INFO]   FAR (stranger)  : 30.37%   - stranger bi nhan nham (da qua 2 vong)
2026-07-11 21:34:50,675 [INFO]   FRR (known)     : 49.54%   - known bi reject sai (tong hop)
2026-07-11 21:34:50,675 [INFO]   EER (open-set)  : 33.92%  (thresh=0.3173)
2026-07-11 21:34:50,676 [INFO]   Mean Genuine    : 0.4521
2026-07-11 21:34:50,676 [INFO]   Mean Stranger   : 0.3224
2026-07-11 21:34:50,677 [INFO]   Known probe     : 981 | Stranger: 1462
2026-07-11 21:34:50,677 [INFO] ============================================================
2026-07-11 21:34:50,958 [INFO] Saved results: E:/palm/logs/Unet_Palmnet_own_iitd_tongji/logs/version_3\eval\mode2_opt_latent_real\results.json
2026-07-11 21:34:50,958 [INFO] --- STEP 4: Visualizing open-set score & uncertainty distribution ---
2026-07-11 21:34:53,310 [INFO] Saved open-set score distribution: E:/palm/logs/Unet_Palmnet_own_iitd_tongji/logs/version_3\eval\mode2_opt_latent_real\score_distribution_openset.png
2026-07-11 21:34:54,558 [INFO] Saved uncertainty distribution: E:/palm/logs/Unet_Palmnet_own_iitd_tongji/logs/version_3\eval\mode2_opt_latent_real\uncertainty_distribution_openset.png
2026-07-11 21:34:55,806 [INFO] Saved sigma distribution: E:/palm/logs/Unet_Palmnet_own_iitd_tongji/logs/version_3\eval\mode2_opt_latent_real\sigma_distribution_openset.png
2026-07-11 21:34:55,807 [INFO] --- STEP 5: t-SNE visualization ---
2026-07-11 21:34:55,813 [INFO] Running t-SNE (3405 points, perplexity=30)...
2026-07-11 21:35:29,797 [INFO] Saved t-SNE plot: E:/palm/logs/Unet_Palmnet_own_iitd_tongji/logs/version_3\eval\mode2_opt_latent_real\tsne_proj.png
2026-07-11 21:35:29,799 [INFO] Running t-SNE (3405 points, perplexity=30)...
2026-07-11 21:35:56,285 [INFO] Saved t-SNE plot: E:/palm/logs/Unet_Palmnet_own_iitd_tongji/logs/version_3\eval\mode2_opt_latent_real\tsne_mu.png
2026-07-11 21:35:56,288 [INFO] 
2026-07-11 21:35:56,289 [INFO] All outputs saved to: E:/palm/logs/Unet_Palmnet_own_iitd_tongji/logs/version_3\eval\mode2_opt_latent_real
2026-07-11 21:35:56,291 [INFO] Log file: tasks\eval_mode2_opt_latent_real_20260711_211558.log
2026-07-11 21:35:56,292 [INFO] Done.

================================================================================
--- RUN INFO: eval_mode3_baseline_mu_real_20260711_213705 ---
================================================================================
2026-07-11 21:37:05,842 [INFO] [Eval] mode=3 | neg_strategy=real | device=cpu
2026-07-11 21:37:05,844 [INFO] Reading model config from E:/palm/logs/Unet_Palmnet_own_iitd_tongji/logs/version_3\config_backup.yaml
2026-07-11 21:37:07,269 [INFO] Loaded checkpoint: E:\palm\logs\Unet_Palmnet_own_iitd_tongji\logs\version_3\checkpoints\last.ckpt
2026-07-11 21:37:07,272 [INFO] Frozen 18 BatchNorm layer(s) into eval mode.
2026-07-11 21:37:07,310 [INFO] Output directory: E:/palm/logs/Unet_Palmnet_own_iitd_tongji/logs/version_3\eval\mode3_baseline_mu_real
2026-07-11 21:37:07,311 [INFO] [Open-Set Mode] split_mode='person' — building 3 dataloaders
2026-07-11 21:37:08,045 [INFO] --- STEP 1: Extracting features (register / probe / stranger) ---
2026-07-11 21:38:22,619 [INFO] Saved feature cache (+ 40 ref images): E:/palm/logs/Unet_Palmnet_own_iitd_tongji/logs/version_3\eval\feats_register.pt
2026-07-11 21:39:19,102 [INFO] Saved feature cache (+ 40 ref images): E:/palm/logs/Unet_Palmnet_own_iitd_tongji/logs/version_3\eval\feats_probe.pt
2026-07-11 21:40:12,282 [INFO] Saved feature cache (+ 31 ref images): E:/palm/logs/Unet_Palmnet_own_iitd_tongji/logs/version_3\eval\feats_stranger.pt
2026-07-11 21:40:12,337 [INFO] Register : 962 samples, 40 identities
2026-07-11 21:40:12,338 [INFO] Probe    : 981 samples, 40 identities
2026-07-11 21:40:12,339 [INFO] Stranger : 1462 samples, 31 identities
2026-07-11 21:40:12,340 [INFO] --- STEP 2: Building gallery (from register split) ---
2026-07-11 21:40:12,340 [INFO] Building gallery: Mode=3, neg_strategy='real', 40 identities
2026-07-11 21:40:12,388 [INFO] Saved gallery cache: E:/palm/logs/Unet_Palmnet_own_iitd_tongji/logs/version_3\eval\mode3_baseline_mu_real\gallery.pt
2026-07-11 21:40:12,388 [INFO] --- STEP 3a: Closed-set evaluation on known probe ---
2026-07-11 21:40:12,437 [INFO] ============================================================
2026-07-11 21:40:12,439 [INFO]   [Closed-Set — Known Probe Only]
2026-07-11 21:40:12,439 [INFO]   Rank-1 Accuracy : 92.46%
2026-07-11 21:40:12,440 [INFO]   EER             : 3.66%  (thresh=0.7326)
2026-07-11 21:40:12,440 [INFO]   Mean Genuine    : 0.9197
2026-07-11 21:40:12,441 [INFO]   Mean Impostor   : 0.3504
2026-07-11 21:40:12,441 [INFO]   Probe count     : 981
2026-07-11 21:40:12,442 [INFO] ============================================================
2026-07-11 21:40:12,442 [INFO] --- STEP 3b: Open-set evaluation with stranger ---
2026-07-11 21:40:13,381 [INFO] ============================================================
2026-07-11 21:40:13,382 [INFO]   [Open-Set — Known + Stranger (2-Stage Rejection)]
2026-07-11 21:40:13,383 [INFO]   Open-Set Rank-1 : 92.56%
2026-07-11 21:40:13,383 [INFO]   KL-Gate EER     : 10.96% (thresh=3.2411)
2026-07-11 21:40:13,384 [INFO]   Uncertainty EER : 44.57% (thresh=1.0000)
2026-07-11 21:40:13,384 [INFO]   Stage-1 FRR     : 44.34%   - known bi reject boi Uncertainty
2026-07-11 21:40:13,384 [INFO]   FAR (stranger)  : 31.60%   - stranger bi nhan nham (da qua 2 vong)
2026-07-11 21:40:13,385 [INFO]   FRR (known)     : 46.18%   - known bi reject sai (tong hop)
2026-07-11 21:40:13,385 [INFO]   EER (open-set)  : 13.99%  (thresh=0.7326)
2026-07-11 21:40:13,386 [INFO]   Mean Genuine    : 0.9147
2026-07-11 21:40:13,386 [INFO]   Mean Stranger   : 0.7073
2026-07-11 21:40:13,387 [INFO]   Known probe     : 981 | Stranger: 1462
2026-07-11 21:40:13,387 [INFO] ============================================================
2026-07-11 21:40:13,614 [INFO] Saved results: E:/palm/logs/Unet_Palmnet_own_iitd_tongji/logs/version_3\eval\mode3_baseline_mu_real\results.json
2026-07-11 21:40:13,615 [INFO] --- STEP 4: Visualizing open-set score & uncertainty distribution ---
2026-07-11 21:40:15,104 [INFO] Saved open-set score distribution: E:/palm/logs/Unet_Palmnet_own_iitd_tongji/logs/version_3\eval\mode3_baseline_mu_real\score_distribution_openset.png
2026-07-11 21:40:15,879 [INFO] Saved uncertainty distribution: E:/palm/logs/Unet_Palmnet_own_iitd_tongji/logs/version_3\eval\mode3_baseline_mu_real\uncertainty_distribution_openset.png
2026-07-11 21:40:16,647 [INFO] Saved sigma distribution: E:/palm/logs/Unet_Palmnet_own_iitd_tongji/logs/version_3\eval\mode3_baseline_mu_real\sigma_distribution_openset.png
2026-07-11 21:40:16,648 [INFO] --- STEP 5: t-SNE visualization ---
2026-07-11 21:40:16,651 [INFO] Running t-SNE (3405 points, perplexity=30)...
2026-07-11 21:40:44,891 [INFO] Saved t-SNE plot: E:/palm/logs/Unet_Palmnet_own_iitd_tongji/logs/version_3\eval\mode3_baseline_mu_real\tsne_proj.png
2026-07-11 21:40:44,892 [INFO] Running t-SNE (3405 points, perplexity=30)...
2026-07-11 21:41:15,338 [INFO] Saved t-SNE plot: E:/palm/logs/Unet_Palmnet_own_iitd_tongji/logs/version_3\eval\mode3_baseline_mu_real\tsne_mu.png
2026-07-11 21:41:15,339 [INFO] 
2026-07-11 21:41:15,339 [INFO] All outputs saved to: E:/palm/logs/Unet_Palmnet_own_iitd_tongji/logs/version_3\eval\mode3_baseline_mu_real
2026-07-11 21:41:15,340 [INFO] Log file: tasks\eval_mode3_baseline_mu_real_20260711_213705.log
2026-07-11 21:41:15,340 [INFO] Done.

================================================================================
--- RUN INFO: eval_mode4_opt_latent_mu_real_20260711_214253 ---
================================================================================
2026-07-11 21:42:53,053 [INFO] [Eval] mode=4 | neg_strategy=real | device=cpu
2026-07-11 21:42:53,063 [INFO] Reading model config from E:/palm/logs/Unet_Palmnet_own_iitd_tongji/logs/version_3\config_backup.yaml
2026-07-11 21:42:54,674 [INFO] Loaded checkpoint: E:\palm\logs\Unet_Palmnet_own_iitd_tongji\logs\version_3\checkpoints\last.ckpt
2026-07-11 21:42:54,678 [INFO] Frozen 18 BatchNorm layer(s) into eval mode.
2026-07-11 21:42:54,723 [INFO] Output directory: E:/palm/logs/Unet_Palmnet_own_iitd_tongji/logs/version_3\eval\mode4_opt_latent_mu_real
2026-07-11 21:42:54,725 [INFO] [Open-Set Mode] split_mode='person' — building 3 dataloaders
2026-07-11 21:42:55,483 [INFO] --- STEP 1: Extracting features (register / probe / stranger) ---
2026-07-11 21:44:09,068 [INFO] Saved feature cache (+ 40 ref images): E:/palm/logs/Unet_Palmnet_own_iitd_tongji/logs/version_3\eval\feats_register.pt
2026-07-11 21:45:12,419 [INFO] Saved feature cache (+ 40 ref images): E:/palm/logs/Unet_Palmnet_own_iitd_tongji/logs/version_3\eval\feats_probe.pt
2026-07-11 21:46:10,972 [INFO] Saved feature cache (+ 31 ref images): E:/palm/logs/Unet_Palmnet_own_iitd_tongji/logs/version_3\eval\feats_stranger.pt
2026-07-11 21:46:11,023 [INFO] Register : 962 samples, 40 identities
2026-07-11 21:46:11,023 [INFO] Probe    : 981 samples, 40 identities
2026-07-11 21:46:11,024 [INFO] Stranger : 1462 samples, 31 identities
2026-07-11 21:46:11,024 [INFO] --- STEP 2: Building gallery (from register split) ---
2026-07-11 21:46:11,025 [INFO] Building gallery: Mode=4, neg_strategy='real', 40 identities
2026-07-11 21:58:38,513 [INFO] Saved gallery cache: E:/palm/logs/Unet_Palmnet_own_iitd_tongji/logs/version_3\eval\mode4_opt_latent_mu_real\gallery.pt
2026-07-11 21:58:38,516 [INFO] --- STEP 3a: Closed-set evaluation on known probe ---
2026-07-11 21:58:38,583 [INFO] ============================================================
2026-07-11 21:58:38,584 [INFO]   [Closed-Set — Known Probe Only]
2026-07-11 21:58:38,584 [INFO]   Rank-1 Accuracy : 90.11%
2026-07-11 21:58:38,585 [INFO]   EER             : 4.30%  (thresh=0.6603)
2026-07-11 21:58:38,585 [INFO]   Mean Genuine    : 0.8039
2026-07-11 21:58:38,586 [INFO]   Mean Impostor   : 0.3688
2026-07-11 21:58:38,586 [INFO]   Probe count     : 981
2026-07-11 21:58:38,587 [INFO] ============================================================
2026-07-11 21:58:38,587 [INFO] --- STEP 3b: Open-set evaluation with stranger ---
2026-07-11 21:58:39,560 [INFO] ============================================================
2026-07-11 21:58:39,561 [INFO]   [Open-Set — Known + Stranger (2-Stage Rejection)]
2026-07-11 21:58:39,561 [INFO]   Open-Set Rank-1 : 90.11%
2026-07-11 21:58:39,562 [INFO]   KL-Gate EER     : 10.96% (thresh=3.2411)
2026-07-11 21:58:39,562 [INFO]   Uncertainty EER : 44.57% (thresh=1.0000)
2026-07-11 21:58:39,562 [INFO]   Stage-1 FRR     : 44.34%   - known bi reject boi Uncertainty
2026-07-11 21:58:39,563 [INFO]   FAR (stranger)  : 34.20%   - stranger bi nhan nham (da qua 2 vong)
2026-07-11 21:58:39,564 [INFO]   FRR (known)     : 47.30%   - known bi reject sai (tong hop)
2026-07-11 21:58:39,564 [INFO]   EER (open-set)  : 21.34%  (thresh=0.6603)
2026-07-11 21:58:39,565 [INFO]   Mean Genuine    : 0.7988
2026-07-11 21:58:39,565 [INFO]   Mean Stranger   : 0.6455
2026-07-11 21:58:39,565 [INFO]   Known probe     : 981 | Stranger: 1462
2026-07-11 21:58:39,566 [INFO] ============================================================
2026-07-11 21:58:39,803 [INFO] Saved results: E:/palm/logs/Unet_Palmnet_own_iitd_tongji/logs/version_3\eval\mode4_opt_latent_mu_real\results.json
2026-07-11 21:58:39,806 [INFO] --- STEP 4: Visualizing open-set score & uncertainty distribution ---
2026-07-11 21:58:41,292 [INFO] Saved open-set score distribution: E:/palm/logs/Unet_Palmnet_own_iitd_tongji/logs/version_3\eval\mode4_opt_latent_mu_real\score_distribution_openset.png
2026-07-11 21:58:42,141 [INFO] Saved uncertainty distribution: E:/palm/logs/Unet_Palmnet_own_iitd_tongji/logs/version_3\eval\mode4_opt_latent_mu_real\uncertainty_distribution_openset.png
2026-07-11 21:58:42,965 [INFO] Saved sigma distribution: E:/palm/logs/Unet_Palmnet_own_iitd_tongji/logs/version_3\eval\mode4_opt_latent_mu_real\sigma_distribution_openset.png
2026-07-11 21:58:42,965 [INFO] --- STEP 5: t-SNE visualization ---
2026-07-11 21:58:42,967 [INFO] Running t-SNE (3405 points, perplexity=30)...
2026-07-11 21:59:15,564 [INFO] Saved t-SNE plot: E:/palm/logs/Unet_Palmnet_own_iitd_tongji/logs/version_3\eval\mode4_opt_latent_mu_real\tsne_proj.png
2026-07-11 21:59:15,567 [INFO] Running t-SNE (3405 points, perplexity=30)...
2026-07-11 21:59:39,562 [INFO] Saved t-SNE plot: E:/palm/logs/Unet_Palmnet_own_iitd_tongji/logs/version_3\eval\mode4_opt_latent_mu_real\tsne_mu.png
2026-07-11 21:59:39,563 [INFO] 
2026-07-11 21:59:39,563 [INFO] All outputs saved to: E:/palm/logs/Unet_Palmnet_own_iitd_tongji/logs/version_3\eval\mode4_opt_latent_mu_real
2026-07-11 21:59:39,565 [INFO] Log file: tasks\eval_mode4_opt_latent_mu_real_20260711_214253.log
2026-07-11 21:59:39,565 [INFO] Done.
