============================================================
TỔNG HỢP KẾT QUẢ CHO CONFIG: E:/palm/logs/UnetPalmModel_Resnet18_version_30_Tongji_KL1/version_30\config_backup.yaml
Random State (Seed) được chọn: 42
Số lượng file log được gộp: 5
============================================================


================================================================================
--- RUN INFO: eval_mode0_baseline_real_20260711_220117 ---
================================================================================
2026-07-11 22:01:17,922 [INFO] [Eval] mode=0 | neg_strategy=real | device=cpu
2026-07-11 22:01:17,923 [INFO] Reading model config from E:/palm/logs/UnetPalmModel_Resnet18_version_30_Tongji_KL1/version_30\config_backup.yaml
2026-07-11 22:01:18,851 [INFO] Loaded checkpoint: E:\palm\logs\UnetPalmModel_Resnet18_version_30_Tongji_KL1\version_30\checkpoints\last.ckpt
2026-07-11 22:01:18,854 [INFO] Frozen 35 BatchNorm layer(s) into eval mode.
2026-07-11 22:01:18,856 [INFO] Output directory: E:/palm/logs/UnetPalmModel_Resnet18_version_30_Tongji_KL1/version_30\eval\mode0_baseline_real
2026-07-11 22:01:18,856 [INFO] [Open-Set Mode] split_mode='person' — building 3 dataloaders
2026-07-11 22:01:19,081 [INFO] --- STEP 1: Extracting features (register / probe / stranger) ---
2026-07-11 22:02:01,553 [INFO] Saved feature cache (+ 50 ref images): E:/palm/logs/UnetPalmModel_Resnet18_version_30_Tongji_KL1/version_30\eval\feats_register.pt
2026-07-11 22:02:45,180 [INFO] Saved feature cache (+ 50 ref images): E:/palm/logs/UnetPalmModel_Resnet18_version_30_Tongji_KL1/version_30\eval\feats_probe.pt
2026-07-11 22:03:35,716 [INFO] Saved feature cache (+ 50 ref images): E:/palm/logs/UnetPalmModel_Resnet18_version_30_Tongji_KL1/version_30\eval\feats_stranger.pt
2026-07-11 22:03:35,749 [INFO] Register : 500 samples, 50 identities
2026-07-11 22:03:35,750 [INFO] Probe    : 500 samples, 50 identities
2026-07-11 22:03:35,750 [INFO] Stranger : 1000 samples, 50 identities
2026-07-11 22:03:35,752 [INFO] --- STEP 2: Building gallery (from register split) ---
2026-07-11 22:03:35,752 [INFO] Building gallery: Mode=0, neg_strategy='real', 50 identities
2026-07-11 22:03:35,788 [INFO] Saved gallery cache: E:/palm/logs/UnetPalmModel_Resnet18_version_30_Tongji_KL1/version_30\eval\mode0_baseline_real\gallery.pt
2026-07-11 22:03:35,788 [INFO] --- STEP 3a: Closed-set evaluation on known probe ---
2026-07-11 22:03:35,820 [INFO] ============================================================
2026-07-11 22:03:35,821 [INFO]   [Closed-Set — Known Probe Only]
2026-07-11 22:03:35,822 [INFO]   Rank-1 Accuracy : 83.60%
2026-07-11 22:03:35,822 [INFO]   EER             : 6.40%  (thresh=0.5544)
2026-07-11 22:03:35,822 [INFO]   Mean Genuine    : 0.7914
2026-07-11 22:03:35,822 [INFO]   Mean Impostor   : 0.2091
2026-07-11 22:03:35,822 [INFO]   Probe count     : 500
2026-07-11 22:03:35,823 [INFO] ============================================================
2026-07-11 22:03:35,823 [INFO] --- STEP 3b: Open-set evaluation with stranger ---
2026-07-11 22:03:36,040 [INFO] ============================================================
2026-07-11 22:03:36,041 [INFO]   [Open-Set — Known + Stranger (2-Stage Rejection)]
2026-07-11 22:03:36,041 [INFO]   Open-Set Rank-1 : 83.60%
2026-07-11 22:03:36,042 [INFO]   KL-Gate EER     : 8.68% (thresh=3.7475)
2026-07-11 22:03:36,042 [INFO]   Uncertainty EER : 46.25% (thresh=0.7886)
2026-07-11 22:03:36,042 [INFO]   Stage-1 FRR     : 46.40%   - known bi reject boi Uncertainty
2026-07-11 22:03:36,042 [INFO]   FAR (stranger)  : 42.20%   - stranger bi nhan nham (da qua 2 vong)
2026-07-11 22:03:36,042 [INFO]   FRR (known)     : 51.60%   - known bi reject sai (tong hop)
2026-07-11 22:03:36,043 [INFO]   EER (open-set)  : 25.20%  (thresh=0.5544)
2026-07-11 22:03:36,043 [INFO]   Mean Genuine    : 0.7697
2026-07-11 22:03:36,043 [INFO]   Mean Stranger   : 0.6571
2026-07-11 22:03:36,044 [INFO]   Known probe     : 500 | Stranger: 1000
2026-07-11 22:03:36,044 [INFO] ============================================================
2026-07-11 22:03:36,161 [INFO] Saved results: E:/palm/logs/UnetPalmModel_Resnet18_version_30_Tongji_KL1/version_30\eval\mode0_baseline_real\results.json
2026-07-11 22:03:36,162 [INFO] --- STEP 4: Visualizing open-set score & uncertainty distribution ---
2026-07-11 22:03:37,134 [INFO] Saved open-set score distribution: E:/palm/logs/UnetPalmModel_Resnet18_version_30_Tongji_KL1/version_30\eval\mode0_baseline_real\score_distribution_openset.png
2026-07-11 22:03:37,675 [INFO] Saved uncertainty distribution: E:/palm/logs/UnetPalmModel_Resnet18_version_30_Tongji_KL1/version_30\eval\mode0_baseline_real\uncertainty_distribution_openset.png
2026-07-11 22:03:38,277 [INFO] Saved sigma distribution: E:/palm/logs/UnetPalmModel_Resnet18_version_30_Tongji_KL1/version_30\eval\mode0_baseline_real\sigma_distribution_openset.png
2026-07-11 22:03:38,277 [INFO] --- STEP 5: t-SNE visualization ---
2026-07-11 22:03:38,278 [INFO] Running t-SNE (2000 points, perplexity=30)...
2026-07-11 22:03:51,666 [INFO] Saved t-SNE plot: E:/palm/logs/UnetPalmModel_Resnet18_version_30_Tongji_KL1/version_30\eval\mode0_baseline_real\tsne_proj.png
2026-07-11 22:03:51,668 [INFO] Running t-SNE (2000 points, perplexity=30)...
2026-07-11 22:04:04,396 [INFO] Saved t-SNE plot: E:/palm/logs/UnetPalmModel_Resnet18_version_30_Tongji_KL1/version_30\eval\mode0_baseline_real\tsne_mu.png
2026-07-11 22:04:04,396 [INFO] 
2026-07-11 22:04:04,397 [INFO] All outputs saved to: E:/palm/logs/UnetPalmModel_Resnet18_version_30_Tongji_KL1/version_30\eval\mode0_baseline_real
2026-07-11 22:04:04,397 [INFO] Log file: tasks\eval_mode0_baseline_real_20260711_220117.log
2026-07-11 22:04:04,398 [INFO] Done.

================================================================================
--- RUN INFO: eval_mode1_opt_proj_real_20260711_220425 ---
================================================================================
2026-07-11 22:04:25,996 [INFO] [Eval] mode=1 | neg_strategy=real | device=cpu
2026-07-11 22:04:25,997 [INFO] Reading model config from E:/palm/logs/UnetPalmModel_Resnet18_version_30_Tongji_KL1/version_30\config_backup.yaml
2026-07-11 22:04:26,694 [INFO] Loaded checkpoint: E:\palm\logs\UnetPalmModel_Resnet18_version_30_Tongji_KL1\version_30\checkpoints\last.ckpt
2026-07-11 22:04:26,696 [INFO] Frozen 35 BatchNorm layer(s) into eval mode.
2026-07-11 22:04:26,698 [INFO] Output directory: E:/palm/logs/UnetPalmModel_Resnet18_version_30_Tongji_KL1/version_30\eval\mode1_opt_proj_real
2026-07-11 22:04:26,698 [INFO] [Open-Set Mode] split_mode='person' — building 3 dataloaders
2026-07-11 22:04:26,938 [INFO] --- STEP 1: Extracting features (register / probe / stranger) ---
2026-07-11 22:04:26,939 [INFO] Loading feature cache: E:/palm/logs/UnetPalmModel_Resnet18_version_30_Tongji_KL1/version_30\eval\feats_register.pt
2026-07-11 22:04:27,000 [INFO] Loading feature cache: E:/palm/logs/UnetPalmModel_Resnet18_version_30_Tongji_KL1/version_30\eval\feats_probe.pt
2026-07-11 22:04:27,067 [INFO] Loading feature cache: E:/palm/logs/UnetPalmModel_Resnet18_version_30_Tongji_KL1/version_30\eval\feats_stranger.pt
2026-07-11 22:04:27,180 [INFO] Register : 500 samples, 50 identities
2026-07-11 22:04:27,180 [INFO] Probe    : 500 samples, 50 identities
2026-07-11 22:04:27,180 [INFO] Stranger : 1000 samples, 50 identities
2026-07-11 22:04:27,181 [INFO] --- STEP 2: Building gallery (from register split) ---
2026-07-11 22:04:27,181 [INFO] Building gallery: Mode=1, neg_strategy='real', 50 identities
2026-07-11 22:06:37,945 [INFO] Saved gallery cache: E:/palm/logs/UnetPalmModel_Resnet18_version_30_Tongji_KL1/version_30\eval\mode1_opt_proj_real\gallery.pt
2026-07-11 22:06:37,946 [INFO] --- STEP 3a: Closed-set evaluation on known probe ---
2026-07-11 22:06:37,975 [INFO] ============================================================
2026-07-11 22:06:37,975 [INFO]   [Closed-Set — Known Probe Only]
2026-07-11 22:06:37,975 [INFO]   Rank-1 Accuracy : 79.00%
2026-07-11 22:06:37,977 [INFO]   EER             : 6.57%  (thresh=0.2790)
2026-07-11 22:06:37,977 [INFO]   Mean Genuine    : 0.4251
2026-07-11 22:06:37,977 [INFO]   Mean Impostor   : 0.0561
2026-07-11 22:06:37,978 [INFO]   Probe count     : 500
2026-07-11 22:06:37,978 [INFO] ============================================================
2026-07-11 22:06:37,978 [INFO] --- STEP 3b: Open-set evaluation with stranger ---
2026-07-11 22:06:38,193 [INFO] ============================================================
2026-07-11 22:06:38,193 [INFO]   [Open-Set — Known + Stranger (2-Stage Rejection)]
2026-07-11 22:06:38,193 [INFO]   Open-Set Rank-1 : 79.00%
2026-07-11 22:06:38,195 [INFO]   KL-Gate EER     : 8.68% (thresh=3.7475)
2026-07-11 22:06:38,195 [INFO]   Uncertainty EER : 46.25% (thresh=0.7886)
2026-07-11 22:06:38,195 [INFO]   Stage-1 FRR     : 46.40%   - known bi reject boi Uncertainty
2026-07-11 22:06:38,195 [INFO]   FAR (stranger)  : 42.20%   - stranger bi nhan nham (da qua 2 vong)
2026-07-11 22:06:38,196 [INFO]   FRR (known)     : 51.00%   - known bi reject sai (tong hop)
2026-07-11 22:06:38,196 [INFO]   EER (open-set)  : 33.75%  (thresh=0.2790)
2026-07-11 22:06:38,197 [INFO]   Mean Genuine    : 0.4057
2026-07-11 22:06:38,197 [INFO]   Mean Stranger   : 0.3444
2026-07-11 22:06:38,198 [INFO]   Known probe     : 500 | Stranger: 1000
2026-07-11 22:06:38,198 [INFO] ============================================================
2026-07-11 22:06:38,338 [INFO] Saved results: E:/palm/logs/UnetPalmModel_Resnet18_version_30_Tongji_KL1/version_30\eval\mode1_opt_proj_real\results.json
2026-07-11 22:06:38,343 [INFO] --- STEP 4: Visualizing open-set score & uncertainty distribution ---
2026-07-11 22:06:39,197 [INFO] Saved open-set score distribution: E:/palm/logs/UnetPalmModel_Resnet18_version_30_Tongji_KL1/version_30\eval\mode1_opt_proj_real\score_distribution_openset.png
2026-07-11 22:06:39,666 [INFO] Saved uncertainty distribution: E:/palm/logs/UnetPalmModel_Resnet18_version_30_Tongji_KL1/version_30\eval\mode1_opt_proj_real\uncertainty_distribution_openset.png
2026-07-11 22:06:40,115 [INFO] Saved sigma distribution: E:/palm/logs/UnetPalmModel_Resnet18_version_30_Tongji_KL1/version_30\eval\mode1_opt_proj_real\sigma_distribution_openset.png
2026-07-11 22:06:40,116 [INFO] --- STEP 5: t-SNE visualization ---
2026-07-11 22:06:40,117 [INFO] Running t-SNE (2000 points, perplexity=30)...
2026-07-11 22:06:54,225 [INFO] Saved t-SNE plot: E:/palm/logs/UnetPalmModel_Resnet18_version_30_Tongji_KL1/version_30\eval\mode1_opt_proj_real\tsne_proj.png
2026-07-11 22:06:54,226 [INFO] Running t-SNE (2000 points, perplexity=30)...
2026-07-11 22:07:06,654 [INFO] Saved t-SNE plot: E:/palm/logs/UnetPalmModel_Resnet18_version_30_Tongji_KL1/version_30\eval\mode1_opt_proj_real\tsne_mu.png
2026-07-11 22:07:06,654 [INFO] 
2026-07-11 22:07:06,655 [INFO] All outputs saved to: E:/palm/logs/UnetPalmModel_Resnet18_version_30_Tongji_KL1/version_30\eval\mode1_opt_proj_real
2026-07-11 22:07:06,655 [INFO] Log file: tasks\eval_mode1_opt_proj_real_20260711_220425.log
2026-07-11 22:07:06,655 [INFO] Done.

================================================================================
--- RUN INFO: eval_mode2_opt_latent_real_20260711_220721 ---
================================================================================
2026-07-11 22:07:21,699 [INFO] [Eval] mode=2 | neg_strategy=real | device=cpu
2026-07-11 22:07:21,700 [INFO] Reading model config from E:/palm/logs/UnetPalmModel_Resnet18_version_30_Tongji_KL1/version_30\config_backup.yaml
2026-07-11 22:07:22,371 [INFO] Loaded checkpoint: E:\palm\logs\UnetPalmModel_Resnet18_version_30_Tongji_KL1\version_30\checkpoints\last.ckpt
2026-07-11 22:07:22,375 [INFO] Frozen 35 BatchNorm layer(s) into eval mode.
2026-07-11 22:07:22,377 [INFO] Output directory: E:/palm/logs/UnetPalmModel_Resnet18_version_30_Tongji_KL1/version_30\eval\mode2_opt_latent_real
2026-07-11 22:07:22,377 [INFO] [Open-Set Mode] split_mode='person' — building 3 dataloaders
2026-07-11 22:07:22,626 [INFO] --- STEP 1: Extracting features (register / probe / stranger) ---
2026-07-11 22:07:22,627 [INFO] Loading feature cache: E:/palm/logs/UnetPalmModel_Resnet18_version_30_Tongji_KL1/version_30\eval\feats_register.pt
2026-07-11 22:07:22,683 [INFO] Loading feature cache: E:/palm/logs/UnetPalmModel_Resnet18_version_30_Tongji_KL1/version_30\eval\feats_probe.pt
2026-07-11 22:07:22,732 [INFO] Loading feature cache: E:/palm/logs/UnetPalmModel_Resnet18_version_30_Tongji_KL1/version_30\eval\feats_stranger.pt
2026-07-11 22:07:22,855 [INFO] Register : 500 samples, 50 identities
2026-07-11 22:07:22,856 [INFO] Probe    : 500 samples, 50 identities
2026-07-11 22:07:22,857 [INFO] Stranger : 1000 samples, 50 identities
2026-07-11 22:07:22,857 [INFO] --- STEP 2: Building gallery (from register split) ---
2026-07-11 22:07:22,858 [INFO] Building gallery: Mode=2, neg_strategy='real', 50 identities
2026-07-11 22:11:01,217 [INFO] Saved gallery cache: E:/palm/logs/UnetPalmModel_Resnet18_version_30_Tongji_KL1/version_30\eval\mode2_opt_latent_real\gallery.pt
2026-07-11 22:11:01,217 [INFO] --- STEP 3a: Closed-set evaluation on known probe ---
2026-07-11 22:11:01,247 [INFO] ============================================================
2026-07-11 22:11:01,248 [INFO]   [Closed-Set — Known Probe Only]
2026-07-11 22:11:01,248 [INFO]   Rank-1 Accuracy : 72.20%
2026-07-11 22:11:01,249 [INFO]   EER             : 8.42%  (thresh=0.3130)
2026-07-11 22:11:01,249 [INFO]   Mean Genuine    : 0.4462
2026-07-11 22:11:01,250 [INFO]   Mean Impostor   : 0.1248
2026-07-11 22:11:01,250 [INFO]   Probe count     : 500
2026-07-11 22:11:01,252 [INFO] ============================================================
2026-07-11 22:11:01,252 [INFO] --- STEP 3b: Open-set evaluation with stranger ---
2026-07-11 22:11:01,507 [INFO] ============================================================
2026-07-11 22:11:01,509 [INFO]   [Open-Set — Known + Stranger (2-Stage Rejection)]
2026-07-11 22:11:01,509 [INFO]   Open-Set Rank-1 : 72.20%
2026-07-11 22:11:01,509 [INFO]   KL-Gate EER     : 8.68% (thresh=3.7475)
2026-07-11 22:11:01,510 [INFO]   Uncertainty EER : 46.25% (thresh=0.7886)
2026-07-11 22:11:01,510 [INFO]   Stage-1 FRR     : 46.40%   - known bi reject boi Uncertainty
2026-07-11 22:11:01,511 [INFO]   FAR (stranger)  : 42.10%   - stranger bi nhan nham (da qua 2 vong)
2026-07-11 22:11:01,511 [INFO]   FRR (known)     : 52.00%   - known bi reject sai (tong hop)
2026-07-11 22:11:01,511 [INFO]   EER (open-set)  : 36.60%  (thresh=0.3130)
2026-07-11 22:11:01,512 [INFO]   Mean Genuine    : 0.4257
2026-07-11 22:11:01,512 [INFO]   Mean Stranger   : 0.3741
2026-07-11 22:11:01,513 [INFO]   Known probe     : 500 | Stranger: 1000
2026-07-11 22:11:01,513 [INFO] ============================================================
2026-07-11 22:11:01,647 [INFO] Saved results: E:/palm/logs/UnetPalmModel_Resnet18_version_30_Tongji_KL1/version_30\eval\mode2_opt_latent_real\results.json
2026-07-11 22:11:01,647 [INFO] --- STEP 4: Visualizing open-set score & uncertainty distribution ---
2026-07-11 22:11:02,587 [INFO] Saved open-set score distribution: E:/palm/logs/UnetPalmModel_Resnet18_version_30_Tongji_KL1/version_30\eval\mode2_opt_latent_real\score_distribution_openset.png
2026-07-11 22:11:03,139 [INFO] Saved uncertainty distribution: E:/palm/logs/UnetPalmModel_Resnet18_version_30_Tongji_KL1/version_30\eval\mode2_opt_latent_real\uncertainty_distribution_openset.png
2026-07-11 22:11:03,712 [INFO] Saved sigma distribution: E:/palm/logs/UnetPalmModel_Resnet18_version_30_Tongji_KL1/version_30\eval\mode2_opt_latent_real\sigma_distribution_openset.png
2026-07-11 22:11:03,712 [INFO] --- STEP 5: t-SNE visualization ---
2026-07-11 22:11:03,713 [INFO] Running t-SNE (2000 points, perplexity=30)...
2026-07-11 22:11:17,899 [INFO] Saved t-SNE plot: E:/palm/logs/UnetPalmModel_Resnet18_version_30_Tongji_KL1/version_30\eval\mode2_opt_latent_real\tsne_proj.png
2026-07-11 22:11:17,900 [INFO] Running t-SNE (2000 points, perplexity=30)...
2026-07-11 22:11:30,648 [INFO] Saved t-SNE plot: E:/palm/logs/UnetPalmModel_Resnet18_version_30_Tongji_KL1/version_30\eval\mode2_opt_latent_real\tsne_mu.png
2026-07-11 22:11:30,648 [INFO] 
2026-07-11 22:11:30,648 [INFO] All outputs saved to: E:/palm/logs/UnetPalmModel_Resnet18_version_30_Tongji_KL1/version_30\eval\mode2_opt_latent_real
2026-07-11 22:11:30,649 [INFO] Log file: tasks\eval_mode2_opt_latent_real_20260711_220721.log
2026-07-11 22:11:30,649 [INFO] Done.

================================================================================
--- RUN INFO: eval_mode3_baseline_mu_real_20260711_221237 ---
================================================================================
2026-07-11 22:12:37,311 [INFO] [Eval] mode=3 | neg_strategy=real | device=cpu
2026-07-11 22:12:37,312 [INFO] Reading model config from E:/palm/logs/UnetPalmModel_Resnet18_version_30_Tongji_KL1/version_30\config_backup.yaml
2026-07-11 22:12:37,958 [INFO] Loaded checkpoint: E:\palm\logs\UnetPalmModel_Resnet18_version_30_Tongji_KL1\version_30\checkpoints\last.ckpt
2026-07-11 22:12:37,962 [INFO] Frozen 35 BatchNorm layer(s) into eval mode.
2026-07-11 22:12:37,965 [INFO] Output directory: E:/palm/logs/UnetPalmModel_Resnet18_version_30_Tongji_KL1/version_30\eval\mode3_baseline_mu_real
2026-07-11 22:12:37,965 [INFO] [Open-Set Mode] split_mode='person' — building 3 dataloaders
2026-07-11 22:12:38,213 [INFO] --- STEP 1: Extracting features (register / probe / stranger) ---
2026-07-11 22:12:38,214 [INFO] Loading feature cache: E:/palm/logs/UnetPalmModel_Resnet18_version_30_Tongji_KL1/version_30\eval\feats_register.pt
2026-07-11 22:12:38,278 [INFO] Loading feature cache: E:/palm/logs/UnetPalmModel_Resnet18_version_30_Tongji_KL1/version_30\eval\feats_probe.pt
2026-07-11 22:12:38,337 [INFO] Loading feature cache: E:/palm/logs/UnetPalmModel_Resnet18_version_30_Tongji_KL1/version_30\eval\feats_stranger.pt
2026-07-11 22:12:38,455 [INFO] Register : 500 samples, 50 identities
2026-07-11 22:12:38,456 [INFO] Probe    : 500 samples, 50 identities
2026-07-11 22:12:38,456 [INFO] Stranger : 1000 samples, 50 identities
2026-07-11 22:12:38,456 [INFO] --- STEP 2: Building gallery (from register split) ---
2026-07-11 22:12:38,458 [INFO] Building gallery: Mode=3, neg_strategy='real', 50 identities
2026-07-11 22:12:38,492 [INFO] Saved gallery cache: E:/palm/logs/UnetPalmModel_Resnet18_version_30_Tongji_KL1/version_30\eval\mode3_baseline_mu_real\gallery.pt
2026-07-11 22:12:38,492 [INFO] --- STEP 3a: Closed-set evaluation on known probe ---
2026-07-11 22:12:38,524 [INFO] ============================================================
2026-07-11 22:12:38,525 [INFO]   [Closed-Set — Known Probe Only]
2026-07-11 22:12:38,525 [INFO]   Rank-1 Accuracy : 86.80%
2026-07-11 22:12:38,525 [INFO]   EER             : 5.23%  (thresh=0.6031)
2026-07-11 22:12:38,525 [INFO]   Mean Genuine    : 0.8245
2026-07-11 22:12:38,526 [INFO]   Mean Impostor   : 0.1548
2026-07-11 22:12:38,526 [INFO]   Probe count     : 500
2026-07-11 22:12:38,526 [INFO] ============================================================
2026-07-11 22:12:38,527 [INFO] --- STEP 3b: Open-set evaluation with stranger ---
2026-07-11 22:12:38,756 [INFO] ============================================================
2026-07-11 22:12:38,757 [INFO]   [Open-Set — Known + Stranger (2-Stage Rejection)]
2026-07-11 22:12:38,757 [INFO]   Open-Set Rank-1 : 86.80%
2026-07-11 22:12:38,758 [INFO]   KL-Gate EER     : 8.68% (thresh=3.7475)
2026-07-11 22:12:38,758 [INFO]   Uncertainty EER : 46.25% (thresh=0.7886)
2026-07-11 22:12:38,758 [INFO]   Stage-1 FRR     : 46.40%   - known bi reject boi Uncertainty
2026-07-11 22:12:38,759 [INFO]   FAR (stranger)  : 38.10%   - stranger bi nhan nham (da qua 2 vong)
2026-07-11 22:12:38,759 [INFO]   FRR (known)     : 50.60%   - known bi reject sai (tong hop)
2026-07-11 22:12:38,759 [INFO]   EER (open-set)  : 21.55%  (thresh=0.6031)
2026-07-11 22:12:38,760 [INFO]   Mean Genuine    : 0.8017
2026-07-11 22:12:38,760 [INFO]   Mean Stranger   : 0.6852
2026-07-11 22:12:38,760 [INFO]   Known probe     : 500 | Stranger: 1000
2026-07-11 22:12:38,761 [INFO] ============================================================
2026-07-11 22:12:38,882 [INFO] Saved results: E:/palm/logs/UnetPalmModel_Resnet18_version_30_Tongji_KL1/version_30\eval\mode3_baseline_mu_real\results.json
2026-07-11 22:12:38,883 [INFO] --- STEP 4: Visualizing open-set score & uncertainty distribution ---
2026-07-11 22:12:39,637 [INFO] Saved open-set score distribution: E:/palm/logs/UnetPalmModel_Resnet18_version_30_Tongji_KL1/version_30\eval\mode3_baseline_mu_real\score_distribution_openset.png
2026-07-11 22:12:40,056 [INFO] Saved uncertainty distribution: E:/palm/logs/UnetPalmModel_Resnet18_version_30_Tongji_KL1/version_30\eval\mode3_baseline_mu_real\uncertainty_distribution_openset.png
2026-07-11 22:12:40,487 [INFO] Saved sigma distribution: E:/palm/logs/UnetPalmModel_Resnet18_version_30_Tongji_KL1/version_30\eval\mode3_baseline_mu_real\sigma_distribution_openset.png
2026-07-11 22:12:40,487 [INFO] --- STEP 5: t-SNE visualization ---
2026-07-11 22:12:40,488 [INFO] Running t-SNE (2000 points, perplexity=30)...
2026-07-11 22:12:53,782 [INFO] Saved t-SNE plot: E:/palm/logs/UnetPalmModel_Resnet18_version_30_Tongji_KL1/version_30\eval\mode3_baseline_mu_real\tsne_proj.png
2026-07-11 22:12:53,782 [INFO] Running t-SNE (2000 points, perplexity=30)...
2026-07-11 22:13:08,214 [INFO] Saved t-SNE plot: E:/palm/logs/UnetPalmModel_Resnet18_version_30_Tongji_KL1/version_30\eval\mode3_baseline_mu_real\tsne_mu.png
2026-07-11 22:13:08,214 [INFO] 
2026-07-11 22:13:08,215 [INFO] All outputs saved to: E:/palm/logs/UnetPalmModel_Resnet18_version_30_Tongji_KL1/version_30\eval\mode3_baseline_mu_real
2026-07-11 22:13:08,216 [INFO] Log file: tasks\eval_mode3_baseline_mu_real_20260711_221237.log
2026-07-11 22:13:08,216 [INFO] Done.

================================================================================
--- RUN INFO: eval_mode4_opt_latent_mu_real_20260711_221504 ---
================================================================================
2026-07-11 22:15:04,772 [INFO] [Eval] mode=4 | neg_strategy=real | device=cpu
2026-07-11 22:15:04,773 [INFO] Reading model config from E:/palm/logs/UnetPalmModel_Resnet18_version_30_Tongji_KL1/version_30\config_backup.yaml
2026-07-11 22:15:05,462 [INFO] Loaded checkpoint: E:\palm\logs\UnetPalmModel_Resnet18_version_30_Tongji_KL1\version_30\checkpoints\last.ckpt
2026-07-11 22:15:05,465 [INFO] Frozen 35 BatchNorm layer(s) into eval mode.
2026-07-11 22:15:05,467 [INFO] Output directory: E:/palm/logs/UnetPalmModel_Resnet18_version_30_Tongji_KL1/version_30\eval\mode4_opt_latent_mu_real
2026-07-11 22:15:05,469 [INFO] [Open-Set Mode] split_mode='person' — building 3 dataloaders
2026-07-11 22:15:05,686 [INFO] --- STEP 1: Extracting features (register / probe / stranger) ---
2026-07-11 22:15:05,686 [INFO] Loading feature cache: E:/palm/logs/UnetPalmModel_Resnet18_version_30_Tongji_KL1/version_30\eval\feats_register.pt
2026-07-11 22:15:05,738 [INFO] Loading feature cache: E:/palm/logs/UnetPalmModel_Resnet18_version_30_Tongji_KL1/version_30\eval\feats_probe.pt
2026-07-11 22:15:05,798 [INFO] Loading feature cache: E:/palm/logs/UnetPalmModel_Resnet18_version_30_Tongji_KL1/version_30\eval\feats_stranger.pt
2026-07-11 22:15:05,910 [INFO] Register : 500 samples, 50 identities
2026-07-11 22:15:05,910 [INFO] Probe    : 500 samples, 50 identities
2026-07-11 22:15:05,911 [INFO] Stranger : 1000 samples, 50 identities
2026-07-11 22:15:05,911 [INFO] --- STEP 2: Building gallery (from register split) ---
2026-07-11 22:15:05,911 [INFO] Building gallery: Mode=4, neg_strategy='real', 50 identities
2026-07-11 22:18:57,639 [INFO] Saved gallery cache: E:/palm/logs/UnetPalmModel_Resnet18_version_30_Tongji_KL1/version_30\eval\mode4_opt_latent_mu_real\gallery.pt
2026-07-11 22:18:57,640 [INFO] --- STEP 3a: Closed-set evaluation on known probe ---
2026-07-11 22:18:57,668 [INFO] ============================================================
2026-07-11 22:18:57,670 [INFO]   [Closed-Set — Known Probe Only]
2026-07-11 22:18:57,670 [INFO]   Rank-1 Accuracy : 71.40%
2026-07-11 22:18:57,670 [INFO]   EER             : 8.85%  (thresh=0.2429)
2026-07-11 22:18:57,674 [INFO]   Mean Genuine    : 0.4281
2026-07-11 22:18:57,675 [INFO]   Mean Impostor   : 0.0042
2026-07-11 22:18:57,675 [INFO]   Probe count     : 500
2026-07-11 22:18:57,676 [INFO] ============================================================
2026-07-11 22:18:57,676 [INFO] --- STEP 3b: Open-set evaluation with stranger ---
2026-07-11 22:18:57,919 [INFO] ============================================================
2026-07-11 22:18:57,920 [INFO]   [Open-Set — Known + Stranger (2-Stage Rejection)]
2026-07-11 22:18:57,920 [INFO]   Open-Set Rank-1 : 71.60%
2026-07-11 22:18:57,921 [INFO]   KL-Gate EER     : 8.68% (thresh=3.7475)
2026-07-11 22:18:57,921 [INFO]   Uncertainty EER : 46.25% (thresh=0.7886)
2026-07-11 22:18:57,923 [INFO]   Stage-1 FRR     : 46.40%   - known bi reject boi Uncertainty
2026-07-11 22:18:57,923 [INFO]   FAR (stranger)  : 44.20%   - stranger bi nhan nham (da qua 2 vong)
2026-07-11 22:18:57,924 [INFO]   FRR (known)     : 53.20%   - known bi reject sai (tong hop)
2026-07-11 22:18:57,924 [INFO]   EER (open-set)  : 36.35%  (thresh=0.2429)
2026-07-11 22:18:57,925 [INFO]   Mean Genuine    : 0.4059
2026-07-11 22:18:57,925 [INFO]   Mean Stranger   : 0.3583
2026-07-11 22:18:57,925 [INFO]   Known probe     : 500 | Stranger: 1000
2026-07-11 22:18:57,926 [INFO] ============================================================
2026-07-11 22:18:58,075 [INFO] Saved results: E:/palm/logs/UnetPalmModel_Resnet18_version_30_Tongji_KL1/version_30\eval\mode4_opt_latent_mu_real\results.json
2026-07-11 22:18:58,075 [INFO] --- STEP 4: Visualizing open-set score & uncertainty distribution ---
2026-07-11 22:18:58,993 [INFO] Saved open-set score distribution: E:/palm/logs/UnetPalmModel_Resnet18_version_30_Tongji_KL1/version_30\eval\mode4_opt_latent_mu_real\score_distribution_openset.png
2026-07-11 22:18:59,486 [INFO] Saved uncertainty distribution: E:/palm/logs/UnetPalmModel_Resnet18_version_30_Tongji_KL1/version_30\eval\mode4_opt_latent_mu_real\uncertainty_distribution_openset.png
2026-07-11 22:18:59,979 [INFO] Saved sigma distribution: E:/palm/logs/UnetPalmModel_Resnet18_version_30_Tongji_KL1/version_30\eval\mode4_opt_latent_mu_real\sigma_distribution_openset.png
2026-07-11 22:18:59,979 [INFO] --- STEP 5: t-SNE visualization ---
2026-07-11 22:18:59,980 [INFO] Running t-SNE (2000 points, perplexity=30)...
2026-07-11 22:19:16,833 [INFO] Saved t-SNE plot: E:/palm/logs/UnetPalmModel_Resnet18_version_30_Tongji_KL1/version_30\eval\mode4_opt_latent_mu_real\tsne_proj.png
2026-07-11 22:19:16,834 [INFO] Running t-SNE (2000 points, perplexity=30)...
2026-07-11 22:19:30,308 [INFO] Saved t-SNE plot: E:/palm/logs/UnetPalmModel_Resnet18_version_30_Tongji_KL1/version_30\eval\mode4_opt_latent_mu_real\tsne_mu.png
2026-07-11 22:19:30,308 [INFO] 
2026-07-11 22:19:30,308 [INFO] All outputs saved to: E:/palm/logs/UnetPalmModel_Resnet18_version_30_Tongji_KL1/version_30\eval\mode4_opt_latent_mu_real
2026-07-11 22:19:30,309 [INFO] Log file: tasks\eval_mode4_opt_latent_mu_real_20260711_221504.log
2026-07-11 22:19:30,309 [INFO] Done.
