============================================================
TỔNG HỢP KẾT QUẢ CHO CONFIG: E:/palm/logs/UnetPalmModel_Resnet18_version_32_Original_KL1/version_32\config_backup.yaml
Random State (Seed) được chọn: 42
Số lượng file log được gộp: 5
============================================================


================================================================================
--- RUN INFO: eval_mode0_baseline_real_20260711_205902 ---
================================================================================
2026-07-11 20:59:02,322 [INFO] [Eval] mode=0 | neg_strategy=real | device=cpu
2026-07-11 20:59:02,324 [INFO] Reading model config from E:/palm/logs/UnetPalmModel_Resnet18_version_32_Original_KL1/version_32\config_backup.yaml
2026-07-11 20:59:03,767 [INFO] Loaded checkpoint: E:\palm\logs\UnetPalmModel_Resnet18_version_32_Original_KL1\version_32\checkpoints\last.ckpt
2026-07-11 20:59:03,771 [INFO] Frozen 35 BatchNorm layer(s) into eval mode.
2026-07-11 20:59:03,774 [INFO] Output directory: E:/palm/logs/UnetPalmModel_Resnet18_version_32_Original_KL1/version_32\eval\mode0_baseline_real
2026-07-11 20:59:03,775 [INFO] [Open-Set Mode] split_mode='person' — building 3 dataloaders
2026-07-11 20:59:04,401 [INFO] --- STEP 1: Extracting features (register / probe / stranger) ---
2026-07-11 21:00:10,846 [INFO] Saved feature cache (+ 40 ref images): E:/palm/logs/UnetPalmModel_Resnet18_version_32_Original_KL1/version_32\eval\feats_register.pt
2026-07-11 21:01:26,260 [INFO] Saved feature cache (+ 40 ref images): E:/palm/logs/UnetPalmModel_Resnet18_version_32_Original_KL1/version_32\eval\feats_probe.pt
2026-07-11 21:02:51,955 [INFO] Saved feature cache (+ 31 ref images): E:/palm/logs/UnetPalmModel_Resnet18_version_32_Original_KL1/version_32\eval\feats_stranger.pt
2026-07-11 21:02:52,025 [INFO] Register : 962 samples, 40 identities
2026-07-11 21:02:52,026 [INFO] Probe    : 981 samples, 40 identities
2026-07-11 21:02:52,027 [INFO] Stranger : 1462 samples, 31 identities
2026-07-11 21:02:52,027 [INFO] --- STEP 2: Building gallery (from register split) ---
2026-07-11 21:02:52,028 [INFO] Building gallery: Mode=0, neg_strategy='real', 40 identities
2026-07-11 21:02:52,073 [INFO] Saved gallery cache: E:/palm/logs/UnetPalmModel_Resnet18_version_32_Original_KL1/version_32\eval\mode0_baseline_real\gallery.pt
2026-07-11 21:02:52,074 [INFO] --- STEP 3a: Closed-set evaluation on known probe ---
2026-07-11 21:02:52,151 [INFO] ============================================================
2026-07-11 21:02:52,152 [INFO]   [Closed-Set — Known Probe Only]
2026-07-11 21:02:52,152 [INFO]   Rank-1 Accuracy : 80.84%
2026-07-11 21:02:52,152 [INFO]   EER             : 7.03%  (thresh=0.5461)
2026-07-11 21:02:52,154 [INFO]   Mean Genuine    : 0.8023
2026-07-11 21:02:52,154 [INFO]   Mean Impostor   : 0.3213
2026-07-11 21:02:52,155 [INFO]   Probe count     : 981
2026-07-11 21:02:52,156 [INFO] ============================================================
2026-07-11 21:02:52,156 [INFO] --- STEP 3b: Open-set evaluation with stranger ---
2026-07-11 21:02:53,462 [INFO] ============================================================
2026-07-11 21:02:53,463 [INFO]   [Open-Set — Known + Stranger (2-Stage Rejection)]
2026-07-11 21:02:53,465 [INFO]   Open-Set Rank-1 : 79.20%
2026-07-11 21:02:53,466 [INFO]   KL-Gate EER     : 16.91% (thresh=3.9187)
2026-07-11 21:02:53,468 [INFO]   Uncertainty EER : 50.14% (thresh=0.5877)
2026-07-11 21:02:53,471 [INFO]   Stage-1 FRR     : 50.15%   - known bi reject boi Uncertainty
2026-07-11 21:02:53,473 [INFO]   FAR (stranger)  : 41.59%   - stranger bi nhan nham (da qua 2 vong)
2026-07-11 21:02:53,473 [INFO]   FRR (known)     : 53.41%   - known bi reject sai (tong hop)
2026-07-11 21:02:53,476 [INFO]   EER (open-set)  : 24.03%  (thresh=0.5461)
2026-07-11 21:02:53,478 [INFO]   Mean Genuine    : 0.7677
2026-07-11 21:02:53,485 [INFO]   Mean Stranger   : 0.6169
2026-07-11 21:02:53,493 [INFO]   Known probe     : 981 | Stranger: 1462
2026-07-11 21:02:53,503 [INFO] ============================================================
2026-07-11 21:02:53,848 [INFO] Saved results: E:/palm/logs/UnetPalmModel_Resnet18_version_32_Original_KL1/version_32\eval\mode0_baseline_real\results.json
2026-07-11 21:02:53,849 [INFO] --- STEP 4: Visualizing open-set score & uncertainty distribution ---
2026-07-11 21:02:56,086 [INFO] Saved open-set score distribution: E:/palm/logs/UnetPalmModel_Resnet18_version_32_Original_KL1/version_32\eval\mode0_baseline_real\score_distribution_openset.png
2026-07-11 21:02:57,596 [INFO] Saved uncertainty distribution: E:/palm/logs/UnetPalmModel_Resnet18_version_32_Original_KL1/version_32\eval\mode0_baseline_real\uncertainty_distribution_openset.png
2026-07-11 21:02:59,203 [INFO] Saved sigma distribution: E:/palm/logs/UnetPalmModel_Resnet18_version_32_Original_KL1/version_32\eval\mode0_baseline_real\sigma_distribution_openset.png
2026-07-11 21:02:59,216 [INFO] --- STEP 5: t-SNE visualization ---
2026-07-11 21:02:59,228 [INFO] Running t-SNE (3405 points, perplexity=30)...
2026-07-11 21:03:34,957 [INFO] Saved t-SNE plot: E:/palm/logs/UnetPalmModel_Resnet18_version_32_Original_KL1/version_32\eval\mode0_baseline_real\tsne_proj.png
2026-07-11 21:03:34,957 [INFO] Running t-SNE (3405 points, perplexity=30)...
2026-07-11 21:04:01,476 [INFO] Saved t-SNE plot: E:/palm/logs/UnetPalmModel_Resnet18_version_32_Original_KL1/version_32\eval\mode0_baseline_real\tsne_mu.png
2026-07-11 21:04:01,476 [INFO] 
2026-07-11 21:04:01,477 [INFO] All outputs saved to: E:/palm/logs/UnetPalmModel_Resnet18_version_32_Original_KL1/version_32\eval\mode0_baseline_real
2026-07-11 21:04:01,479 [INFO] Log file: tasks\eval_mode0_baseline_real_20260711_205902.log
2026-07-11 21:04:01,479 [INFO] Done.

================================================================================
--- RUN INFO: eval_mode1_opt_proj_real_20260711_210543 ---
================================================================================
2026-07-11 21:05:43,061 [INFO] [Eval] mode=1 | neg_strategy=real | device=cpu
2026-07-11 21:05:43,066 [INFO] Reading model config from E:/palm/logs/UnetPalmModel_Resnet18_version_32_Original_KL1/version_32\config_backup.yaml
2026-07-11 21:05:44,974 [INFO] Loaded checkpoint: E:\palm\logs\UnetPalmModel_Resnet18_version_32_Original_KL1\version_32\checkpoints\last.ckpt
2026-07-11 21:05:44,980 [INFO] Frozen 35 BatchNorm layer(s) into eval mode.
2026-07-11 21:05:44,984 [INFO] Output directory: E:/palm/logs/UnetPalmModel_Resnet18_version_32_Original_KL1/version_32\eval\mode1_opt_proj_real
2026-07-11 21:05:44,985 [INFO] [Open-Set Mode] split_mode='person' — building 3 dataloaders
2026-07-11 21:05:45,589 [INFO] --- STEP 1: Extracting features (register / probe / stranger) ---
2026-07-11 21:07:07,372 [INFO] Saved feature cache (+ 40 ref images): E:/palm/logs/UnetPalmModel_Resnet18_version_32_Original_KL1/version_32\eval\feats_register.pt
2026-07-11 21:08:31,891 [INFO] Saved feature cache (+ 40 ref images): E:/palm/logs/UnetPalmModel_Resnet18_version_32_Original_KL1/version_32\eval\feats_probe.pt
2026-07-11 21:10:02,781 [INFO] Saved feature cache (+ 31 ref images): E:/palm/logs/UnetPalmModel_Resnet18_version_32_Original_KL1/version_32\eval\feats_stranger.pt
2026-07-11 21:10:02,875 [INFO] Register : 962 samples, 40 identities
2026-07-11 21:10:02,878 [INFO] Probe    : 981 samples, 40 identities
2026-07-11 21:10:02,879 [INFO] Stranger : 1462 samples, 31 identities
2026-07-11 21:10:02,880 [INFO] --- STEP 2: Building gallery (from register split) ---
2026-07-11 21:10:02,880 [INFO] Building gallery: Mode=1, neg_strategy='real', 40 identities
2026-07-11 21:17:25,515 [INFO] Saved gallery cache: E:/palm/logs/UnetPalmModel_Resnet18_version_32_Original_KL1/version_32\eval\mode1_opt_proj_real\gallery.pt
2026-07-11 21:17:25,516 [INFO] --- STEP 3a: Closed-set evaluation on known probe ---
2026-07-11 21:17:25,568 [INFO] ============================================================
2026-07-11 21:17:25,568 [INFO]   [Closed-Set — Known Probe Only]
2026-07-11 21:17:25,569 [INFO]   Rank-1 Accuracy : 81.14%
2026-07-11 21:17:25,569 [INFO]   EER             : 6.91%  (thresh=0.1934)
2026-07-11 21:17:25,570 [INFO]   Mean Genuine    : 0.4067
2026-07-11 21:17:25,570 [INFO]   Mean Impostor   : -0.0035
2026-07-11 21:17:25,571 [INFO]   Probe count     : 981
2026-07-11 21:17:25,571 [INFO] ============================================================
2026-07-11 21:17:25,572 [INFO] --- STEP 3b: Open-set evaluation with stranger ---
2026-07-11 21:17:26,424 [INFO] ============================================================
2026-07-11 21:17:26,424 [INFO]   [Open-Set — Known + Stranger (2-Stage Rejection)]
2026-07-11 21:17:26,425 [INFO]   Open-Set Rank-1 : 79.61%
2026-07-11 21:17:26,425 [INFO]   KL-Gate EER     : 16.91% (thresh=3.9187)
2026-07-11 21:17:26,426 [INFO]   Uncertainty EER : 50.14% (thresh=0.5877)
2026-07-11 21:17:26,426 [INFO]   Stage-1 FRR     : 50.15%   - known bi reject boi Uncertainty
2026-07-11 21:17:26,426 [INFO]   FAR (stranger)  : 45.90%   - stranger bi nhan nham (da qua 2 vong)
2026-07-11 21:17:26,427 [INFO]   FRR (known)     : 52.70%   - known bi reject sai (tong hop)
2026-07-11 21:17:26,427 [INFO]   EER (open-set)  : 27.42%  (thresh=0.1934)
2026-07-11 21:17:26,427 [INFO]   Mean Genuine    : 0.3861
2026-07-11 21:17:26,428 [INFO]   Mean Stranger   : 0.2788
2026-07-11 21:17:26,428 [INFO]   Known probe     : 981 | Stranger: 1462
2026-07-11 21:17:26,429 [INFO] ============================================================
2026-07-11 21:17:26,645 [INFO] Saved results: E:/palm/logs/UnetPalmModel_Resnet18_version_32_Original_KL1/version_32\eval\mode1_opt_proj_real\results.json
2026-07-11 21:17:26,645 [INFO] --- STEP 4: Visualizing open-set score & uncertainty distribution ---
2026-07-11 21:17:27,761 [INFO] Saved open-set score distribution: E:/palm/logs/UnetPalmModel_Resnet18_version_32_Original_KL1/version_32\eval\mode1_opt_proj_real\score_distribution_openset.png
2026-07-11 21:17:28,371 [INFO] Saved uncertainty distribution: E:/palm/logs/UnetPalmModel_Resnet18_version_32_Original_KL1/version_32\eval\mode1_opt_proj_real\uncertainty_distribution_openset.png
2026-07-11 21:17:28,980 [INFO] Saved sigma distribution: E:/palm/logs/UnetPalmModel_Resnet18_version_32_Original_KL1/version_32\eval\mode1_opt_proj_real\sigma_distribution_openset.png
2026-07-11 21:17:28,981 [INFO] --- STEP 5: t-SNE visualization ---
2026-07-11 21:17:28,982 [INFO] Running t-SNE (3405 points, perplexity=30)...
2026-07-11 21:17:56,073 [INFO] Saved t-SNE plot: E:/palm/logs/UnetPalmModel_Resnet18_version_32_Original_KL1/version_32\eval\mode1_opt_proj_real\tsne_proj.png
2026-07-11 21:17:56,074 [INFO] Running t-SNE (3405 points, perplexity=30)...
2026-07-11 21:18:31,008 [INFO] Saved t-SNE plot: E:/palm/logs/UnetPalmModel_Resnet18_version_32_Original_KL1/version_32\eval\mode1_opt_proj_real\tsne_mu.png
2026-07-11 21:18:31,008 [INFO] 
2026-07-11 21:18:31,010 [INFO] All outputs saved to: E:/palm/logs/UnetPalmModel_Resnet18_version_32_Original_KL1/version_32\eval\mode1_opt_proj_real
2026-07-11 21:18:31,011 [INFO] Log file: tasks\eval_mode1_opt_proj_real_20260711_210543.log
2026-07-11 21:18:31,011 [INFO] Done.

================================================================================
--- RUN INFO: eval_mode2_opt_latent_real_20260711_212051 ---
================================================================================
2026-07-11 21:20:51,345 [INFO] [Eval] mode=2 | neg_strategy=real | device=cpu
2026-07-11 21:20:51,346 [INFO] Reading model config from E:/palm/logs/UnetPalmModel_Resnet18_version_32_Original_KL1/version_32\config_backup.yaml
2026-07-11 21:20:52,971 [INFO] Loaded checkpoint: E:\palm\logs\UnetPalmModel_Resnet18_version_32_Original_KL1\version_32\checkpoints\last.ckpt
2026-07-11 21:20:52,978 [INFO] Frozen 35 BatchNorm layer(s) into eval mode.
2026-07-11 21:20:52,982 [INFO] Output directory: E:/palm/logs/UnetPalmModel_Resnet18_version_32_Original_KL1/version_32\eval\mode2_opt_latent_real
2026-07-11 21:20:52,984 [INFO] [Open-Set Mode] split_mode='person' — building 3 dataloaders
2026-07-11 21:20:53,549 [INFO] --- STEP 1: Extracting features (register / probe / stranger) ---
2026-07-11 21:22:23,494 [INFO] Saved feature cache (+ 40 ref images): E:/palm/logs/UnetPalmModel_Resnet18_version_32_Original_KL1/version_32\eval\feats_register.pt
2026-07-11 21:23:49,195 [INFO] Saved feature cache (+ 40 ref images): E:/palm/logs/UnetPalmModel_Resnet18_version_32_Original_KL1/version_32\eval\feats_probe.pt
2026-07-11 21:25:40,077 [INFO] Saved feature cache (+ 31 ref images): E:/palm/logs/UnetPalmModel_Resnet18_version_32_Original_KL1/version_32\eval\feats_stranger.pt
2026-07-11 21:25:40,152 [INFO] Register : 962 samples, 40 identities
2026-07-11 21:25:40,164 [INFO] Probe    : 981 samples, 40 identities
2026-07-11 21:25:40,175 [INFO] Stranger : 1462 samples, 31 identities
2026-07-11 21:25:40,177 [INFO] --- STEP 2: Building gallery (from register split) ---
2026-07-11 21:25:40,181 [INFO] Building gallery: Mode=2, neg_strategy='real', 40 identities
2026-07-11 21:38:35,721 [INFO] Saved gallery cache: E:/palm/logs/UnetPalmModel_Resnet18_version_32_Original_KL1/version_32\eval\mode2_opt_latent_real\gallery.pt
2026-07-11 21:38:35,722 [INFO] --- STEP 3a: Closed-set evaluation on known probe ---
2026-07-11 21:38:35,830 [INFO] ============================================================
2026-07-11 21:38:35,831 [INFO]   [Closed-Set — Known Probe Only]
2026-07-11 21:38:35,831 [INFO]   Rank-1 Accuracy : 67.07%
2026-07-11 21:38:35,832 [INFO]   EER             : 12.83%  (thresh=0.2538)
2026-07-11 21:38:35,832 [INFO]   Mean Genuine    : 0.4244
2026-07-11 21:38:35,833 [INFO]   Mean Impostor   : 0.0981
2026-07-11 21:38:35,833 [INFO]   Probe count     : 981
2026-07-11 21:38:35,834 [INFO] ============================================================
2026-07-11 21:38:35,834 [INFO] --- STEP 3b: Open-set evaluation with stranger ---
2026-07-11 21:38:36,822 [INFO] ============================================================
2026-07-11 21:38:36,822 [INFO]   [Open-Set — Known + Stranger (2-Stage Rejection)]
2026-07-11 21:38:36,824 [INFO]   Open-Set Rank-1 : 74.72%
2026-07-11 21:38:36,824 [INFO]   KL-Gate EER     : 16.91% (thresh=3.9187)
2026-07-11 21:38:36,825 [INFO]   Uncertainty EER : 50.14% (thresh=0.5877)
2026-07-11 21:38:36,826 [INFO]   Stage-1 FRR     : 50.15%   - known bi reject boi Uncertainty
2026-07-11 21:38:36,826 [INFO]   FAR (stranger)  : 39.95%   - stranger bi nhan nham (da qua 2 vong)
2026-07-11 21:38:36,826 [INFO]   FRR (known)     : 56.47%   - known bi reject sai (tong hop)
2026-07-11 21:38:36,828 [INFO]   EER (open-set)  : 33.00%  (thresh=0.2538)
2026-07-11 21:38:36,832 [INFO]   Mean Genuine    : 0.3884
2026-07-11 21:38:36,832 [INFO]   Mean Stranger   : 0.3142
2026-07-11 21:38:36,832 [INFO]   Known probe     : 981 | Stranger: 1462
2026-07-11 21:38:36,834 [INFO] ============================================================
2026-07-11 21:38:37,133 [INFO] Saved results: E:/palm/logs/UnetPalmModel_Resnet18_version_32_Original_KL1/version_32\eval\mode2_opt_latent_real\results.json
2026-07-11 21:38:37,136 [INFO] --- STEP 4: Visualizing open-set score & uncertainty distribution ---
2026-07-11 21:38:38,619 [INFO] Saved open-set score distribution: E:/palm/logs/UnetPalmModel_Resnet18_version_32_Original_KL1/version_32\eval\mode2_opt_latent_real\score_distribution_openset.png
2026-07-11 21:38:39,314 [INFO] Saved uncertainty distribution: E:/palm/logs/UnetPalmModel_Resnet18_version_32_Original_KL1/version_32\eval\mode2_opt_latent_real\uncertainty_distribution_openset.png
2026-07-11 21:38:39,899 [INFO] Saved sigma distribution: E:/palm/logs/UnetPalmModel_Resnet18_version_32_Original_KL1/version_32\eval\mode2_opt_latent_real\sigma_distribution_openset.png
2026-07-11 21:38:39,899 [INFO] --- STEP 5: t-SNE visualization ---
2026-07-11 21:38:39,901 [INFO] Running t-SNE (3405 points, perplexity=30)...
2026-07-11 21:39:04,920 [INFO] Saved t-SNE plot: E:/palm/logs/UnetPalmModel_Resnet18_version_32_Original_KL1/version_32\eval\mode2_opt_latent_real\tsne_proj.png
2026-07-11 21:39:04,921 [INFO] Running t-SNE (3405 points, perplexity=30)...
2026-07-11 21:39:33,603 [INFO] Saved t-SNE plot: E:/palm/logs/UnetPalmModel_Resnet18_version_32_Original_KL1/version_32\eval\mode2_opt_latent_real\tsne_mu.png
2026-07-11 21:39:33,606 [INFO] 
2026-07-11 21:39:33,606 [INFO] All outputs saved to: E:/palm/logs/UnetPalmModel_Resnet18_version_32_Original_KL1/version_32\eval\mode2_opt_latent_real
2026-07-11 21:39:33,607 [INFO] Log file: tasks\eval_mode2_opt_latent_real_20260711_212051.log
2026-07-11 21:39:33,607 [INFO] Done.

================================================================================
--- RUN INFO: eval_mode3_baseline_mu_real_20260711_213951 ---
================================================================================
2026-07-11 21:39:51,337 [INFO] [Eval] mode=3 | neg_strategy=real | device=cpu
2026-07-11 21:39:51,339 [INFO] Reading model config from E:/palm/logs/UnetPalmModel_Resnet18_version_32_Original_KL1/version_32\config_backup.yaml
2026-07-11 21:39:52,688 [INFO] Loaded checkpoint: E:\palm\logs\UnetPalmModel_Resnet18_version_32_Original_KL1\version_32\checkpoints\last.ckpt
2026-07-11 21:39:52,693 [INFO] Frozen 35 BatchNorm layer(s) into eval mode.
2026-07-11 21:39:52,695 [INFO] Output directory: E:/palm/logs/UnetPalmModel_Resnet18_version_32_Original_KL1/version_32\eval\mode3_baseline_mu_real
2026-07-11 21:39:52,696 [INFO] [Open-Set Mode] split_mode='person' — building 3 dataloaders
2026-07-11 21:39:53,116 [INFO] --- STEP 1: Extracting features (register / probe / stranger) ---
2026-07-11 21:41:07,513 [INFO] Saved feature cache (+ 40 ref images): E:/palm/logs/UnetPalmModel_Resnet18_version_32_Original_KL1/version_32\eval\feats_register.pt
2026-07-11 21:42:03,709 [INFO] Saved feature cache (+ 40 ref images): E:/palm/logs/UnetPalmModel_Resnet18_version_32_Original_KL1/version_32\eval\feats_probe.pt
2026-07-11 21:42:57,939 [INFO] Saved feature cache (+ 31 ref images): E:/palm/logs/UnetPalmModel_Resnet18_version_32_Original_KL1/version_32\eval\feats_stranger.pt
2026-07-11 21:42:57,989 [INFO] Register : 962 samples, 40 identities
2026-07-11 21:42:57,989 [INFO] Probe    : 981 samples, 40 identities
2026-07-11 21:42:57,990 [INFO] Stranger : 1462 samples, 31 identities
2026-07-11 21:42:57,990 [INFO] --- STEP 2: Building gallery (from register split) ---
2026-07-11 21:42:57,990 [INFO] Building gallery: Mode=3, neg_strategy='real', 40 identities
2026-07-11 21:42:58,019 [INFO] Saved gallery cache: E:/palm/logs/UnetPalmModel_Resnet18_version_32_Original_KL1/version_32\eval\mode3_baseline_mu_real\gallery.pt
2026-07-11 21:42:58,021 [INFO] --- STEP 3a: Closed-set evaluation on known probe ---
2026-07-11 21:42:58,062 [INFO] ============================================================
2026-07-11 21:42:58,062 [INFO]   [Closed-Set — Known Probe Only]
2026-07-11 21:42:58,063 [INFO]   Rank-1 Accuracy : 84.20%
2026-07-11 21:42:58,063 [INFO]   EER             : 5.82%  (thresh=0.6390)
2026-07-11 21:42:58,064 [INFO]   Mean Genuine    : 0.8481
2026-07-11 21:42:58,064 [INFO]   Mean Impostor   : 0.3470
2026-07-11 21:42:58,064 [INFO]   Probe count     : 981
2026-07-11 21:42:58,065 [INFO] ============================================================
2026-07-11 21:42:58,065 [INFO] --- STEP 3b: Open-set evaluation with stranger ---
2026-07-11 21:42:58,810 [INFO] ============================================================
2026-07-11 21:42:58,810 [INFO]   [Open-Set — Known + Stranger (2-Stage Rejection)]
2026-07-11 21:42:58,811 [INFO]   Open-Set Rank-1 : 82.57%
2026-07-11 21:42:58,811 [INFO]   KL-Gate EER     : 16.91% (thresh=3.9187)
2026-07-11 21:42:58,811 [INFO]   Uncertainty EER : 50.14% (thresh=0.5877)
2026-07-11 21:42:58,811 [INFO]   Stage-1 FRR     : 50.15%   - known bi reject boi Uncertainty
2026-07-11 21:42:58,812 [INFO]   FAR (stranger)  : 36.66%   - stranger bi nhan nham (da qua 2 vong)
2026-07-11 21:42:58,812 [INFO]   FRR (known)     : 52.50%   - known bi reject sai (tong hop)
2026-07-11 21:42:58,812 [INFO]   EER (open-set)  : 21.05%  (thresh=0.6390)
2026-07-11 21:42:58,814 [INFO]   Mean Genuine    : 0.8141
2026-07-11 21:42:58,814 [INFO]   Mean Stranger   : 0.6695
2026-07-11 21:42:58,814 [INFO]   Known probe     : 981 | Stranger: 1462
2026-07-11 21:42:58,815 [INFO] ============================================================
2026-07-11 21:42:58,996 [INFO] Saved results: E:/palm/logs/UnetPalmModel_Resnet18_version_32_Original_KL1/version_32\eval\mode3_baseline_mu_real\results.json
2026-07-11 21:42:58,996 [INFO] --- STEP 4: Visualizing open-set score & uncertainty distribution ---
2026-07-11 21:42:59,905 [INFO] Saved open-set score distribution: E:/palm/logs/UnetPalmModel_Resnet18_version_32_Original_KL1/version_32\eval\mode3_baseline_mu_real\score_distribution_openset.png
2026-07-11 21:43:00,476 [INFO] Saved uncertainty distribution: E:/palm/logs/UnetPalmModel_Resnet18_version_32_Original_KL1/version_32\eval\mode3_baseline_mu_real\uncertainty_distribution_openset.png
2026-07-11 21:43:01,082 [INFO] Saved sigma distribution: E:/palm/logs/UnetPalmModel_Resnet18_version_32_Original_KL1/version_32\eval\mode3_baseline_mu_real\sigma_distribution_openset.png
2026-07-11 21:43:01,082 [INFO] --- STEP 5: t-SNE visualization ---
2026-07-11 21:43:01,084 [INFO] Running t-SNE (3405 points, perplexity=30)...
2026-07-11 21:43:27,040 [INFO] Saved t-SNE plot: E:/palm/logs/UnetPalmModel_Resnet18_version_32_Original_KL1/version_32\eval\mode3_baseline_mu_real\tsne_proj.png
2026-07-11 21:43:27,041 [INFO] Running t-SNE (3405 points, perplexity=30)...
2026-07-11 21:44:04,396 [INFO] Saved t-SNE plot: E:/palm/logs/UnetPalmModel_Resnet18_version_32_Original_KL1/version_32\eval\mode3_baseline_mu_real\tsne_mu.png
2026-07-11 21:44:04,430 [INFO] 
2026-07-11 21:44:04,444 [INFO] All outputs saved to: E:/palm/logs/UnetPalmModel_Resnet18_version_32_Original_KL1/version_32\eval\mode3_baseline_mu_real
2026-07-11 21:44:04,452 [INFO] Log file: tasks\eval_mode3_baseline_mu_real_20260711_213951.log
2026-07-11 21:44:04,460 [INFO] Done.

================================================================================
--- RUN INFO: eval_mode4_opt_latent_mu_real_20260711_214440 ---
================================================================================
2026-07-11 21:44:40,760 [INFO] [Eval] mode=4 | neg_strategy=real | device=cpu
2026-07-11 21:44:40,761 [INFO] Reading model config from E:/palm/logs/UnetPalmModel_Resnet18_version_32_Original_KL1/version_32\config_backup.yaml
2026-07-11 21:44:42,181 [INFO] Loaded checkpoint: E:\palm\logs\UnetPalmModel_Resnet18_version_32_Original_KL1\version_32\checkpoints\last.ckpt
2026-07-11 21:44:42,185 [INFO] Frozen 35 BatchNorm layer(s) into eval mode.
2026-07-11 21:44:42,189 [INFO] Output directory: E:/palm/logs/UnetPalmModel_Resnet18_version_32_Original_KL1/version_32\eval\mode4_opt_latent_mu_real
2026-07-11 21:44:42,189 [INFO] [Open-Set Mode] split_mode='person' — building 3 dataloaders
2026-07-11 21:44:42,845 [INFO] --- STEP 1: Extracting features (register / probe / stranger) ---
2026-07-11 21:45:52,931 [INFO] Saved feature cache (+ 40 ref images): E:/palm/logs/UnetPalmModel_Resnet18_version_32_Original_KL1/version_32\eval\feats_register.pt
2026-07-11 21:47:14,841 [INFO] Saved feature cache (+ 40 ref images): E:/palm/logs/UnetPalmModel_Resnet18_version_32_Original_KL1/version_32\eval\feats_probe.pt
2026-07-11 21:48:39,917 [INFO] Saved feature cache (+ 31 ref images): E:/palm/logs/UnetPalmModel_Resnet18_version_32_Original_KL1/version_32\eval\feats_stranger.pt
2026-07-11 21:48:39,972 [INFO] Register : 962 samples, 40 identities
2026-07-11 21:48:39,973 [INFO] Probe    : 981 samples, 40 identities
2026-07-11 21:48:39,974 [INFO] Stranger : 1462 samples, 31 identities
2026-07-11 21:48:39,975 [INFO] --- STEP 2: Building gallery (from register split) ---
2026-07-11 21:48:39,976 [INFO] Building gallery: Mode=4, neg_strategy='real', 40 identities
2026-07-11 21:58:44,816 [INFO] Saved gallery cache: E:/palm/logs/UnetPalmModel_Resnet18_version_32_Original_KL1/version_32\eval\mode4_opt_latent_mu_real\gallery.pt
2026-07-11 21:58:44,817 [INFO] --- STEP 3a: Closed-set evaluation on known probe ---
2026-07-11 21:58:44,873 [INFO] ============================================================
2026-07-11 21:58:44,874 [INFO]   [Closed-Set — Known Probe Only]
2026-07-11 21:58:44,874 [INFO]   Rank-1 Accuracy : 69.01%
2026-07-11 21:58:44,875 [INFO]   EER             : 10.68%  (thresh=0.3351)
2026-07-11 21:58:44,875 [INFO]   Mean Genuine    : 0.4755
2026-07-11 21:58:44,876 [INFO]   Mean Impostor   : 0.1682
2026-07-11 21:58:44,884 [INFO]   Probe count     : 981
2026-07-11 21:58:44,886 [INFO] ============================================================
2026-07-11 21:58:44,889 [INFO] --- STEP 3b: Open-set evaluation with stranger ---
2026-07-11 21:58:46,071 [INFO] ============================================================
2026-07-11 21:58:46,074 [INFO]   [Open-Set — Known + Stranger (2-Stage Rejection)]
2026-07-11 21:58:46,075 [INFO]   Open-Set Rank-1 : 67.99%
2026-07-11 21:58:46,076 [INFO]   KL-Gate EER     : 16.91% (thresh=3.9187)
2026-07-11 21:58:46,076 [INFO]   Uncertainty EER : 50.14% (thresh=0.5877)
2026-07-11 21:58:46,080 [INFO]   Stage-1 FRR     : 50.15%   - known bi reject boi Uncertainty
2026-07-11 21:58:46,081 [INFO]   FAR (stranger)  : 44.39%   - stranger bi nhan nham (da qua 2 vong)
2026-07-11 21:58:46,081 [INFO]   FRR (known)     : 56.98%   - known bi reject sai (tong hop)
2026-07-11 21:58:46,082 [INFO]   EER (open-set)  : 36.80%  (thresh=0.3351)
2026-07-11 21:58:46,084 [INFO]   Mean Genuine    : 0.4411
2026-07-11 21:58:46,084 [INFO]   Mean Stranger   : 0.4022
2026-07-11 21:58:46,085 [INFO]   Known probe     : 981 | Stranger: 1462
2026-07-11 21:58:46,085 [INFO] ============================================================
2026-07-11 21:58:46,377 [INFO] Saved results: E:/palm/logs/UnetPalmModel_Resnet18_version_32_Original_KL1/version_32\eval\mode4_opt_latent_mu_real\results.json
2026-07-11 21:58:46,378 [INFO] --- STEP 4: Visualizing open-set score & uncertainty distribution ---
2026-07-11 21:58:48,008 [INFO] Saved open-set score distribution: E:/palm/logs/UnetPalmModel_Resnet18_version_32_Original_KL1/version_32\eval\mode4_opt_latent_mu_real\score_distribution_openset.png
2026-07-11 21:58:48,920 [INFO] Saved uncertainty distribution: E:/palm/logs/UnetPalmModel_Resnet18_version_32_Original_KL1/version_32\eval\mode4_opt_latent_mu_real\uncertainty_distribution_openset.png
2026-07-11 21:58:49,832 [INFO] Saved sigma distribution: E:/palm/logs/UnetPalmModel_Resnet18_version_32_Original_KL1/version_32\eval\mode4_opt_latent_mu_real\sigma_distribution_openset.png
2026-07-11 21:58:49,833 [INFO] --- STEP 5: t-SNE visualization ---
2026-07-11 21:58:49,834 [INFO] Running t-SNE (3405 points, perplexity=30)...
2026-07-11 21:59:20,893 [INFO] Saved t-SNE plot: E:/palm/logs/UnetPalmModel_Resnet18_version_32_Original_KL1/version_32\eval\mode4_opt_latent_mu_real\tsne_proj.png
2026-07-11 21:59:20,895 [INFO] Running t-SNE (3405 points, perplexity=30)...
2026-07-11 21:59:45,967 [INFO] Saved t-SNE plot: E:/palm/logs/UnetPalmModel_Resnet18_version_32_Original_KL1/version_32\eval\mode4_opt_latent_mu_real\tsne_mu.png
2026-07-11 21:59:45,968 [INFO] 
2026-07-11 21:59:45,968 [INFO] All outputs saved to: E:/palm/logs/UnetPalmModel_Resnet18_version_32_Original_KL1/version_32\eval\mode4_opt_latent_mu_real
2026-07-11 21:59:45,970 [INFO] Log file: tasks\eval_mode4_opt_latent_mu_real_20260711_214440.log
2026-07-11 21:59:45,970 [INFO] Done.
